Archive member included to satisfy reference by file (symbol)

/Applications/MCUXpressoIDE_11.0.1_2563/ide/plugins/com.nxp.mcuxpresso.tools.macosx_11.0.1.201907311258/tools/bin/../lib/gcc/arm-none-eabi/8.2.1/../../../../arm-none-eabi/lib/thumb/v6-m/nofp/libcr_semihost_nf.a(_cr__main.o)
                              ./startup/startup_mkl25z4.o (__main)
/Applications/MCUXpressoIDE_11.0.1_2563/ide/plugins/com.nxp.mcuxpresso.tools.macosx_11.0.1.201907311258/tools/bin/../lib/gcc/arm-none-eabi/8.2.1/../../../../arm-none-eabi/lib/thumb/v6-m/nofp/libcr_semihost_nf.a(_cr_assert.o)
                              ./source/circular_buffer.o (__assertion_failed)
/Applications/MCUXpressoIDE_11.0.1_2563/ide/plugins/com.nxp.mcuxpresso.tools.macosx_11.0.1.201907311258/tools/bin/../lib/gcc/arm-none-eabi/8.2.1/../../../../arm-none-eabi/lib/thumb/v6-m/nofp/libcr_semihost_nf.a(__ciob.o)
                              /Applications/MCUXpressoIDE_11.0.1_2563/ide/plugins/com.nxp.mcuxpresso.tools.macosx_11.0.1.201907311258/tools/bin/../lib/gcc/arm-none-eabi/8.2.1/../../../../arm-none-eabi/lib/thumb/v6-m/nofp/libcr_semihost_nf.a(_cr_assert.o) (__Ciob)
/Applications/MCUXpressoIDE_11.0.1_2563/ide/plugins/com.nxp.mcuxpresso.tools.macosx_11.0.1.201907311258/tools/bin/../lib/gcc/arm-none-eabi/8.2.1/../../../../arm-none-eabi/lib/thumb/v6-m/nofp/libcr_semihost_nf.a(__sys_appexit.o)
                              /Applications/MCUXpressoIDE_11.0.1_2563/ide/plugins/com.nxp.mcuxpresso.tools.macosx_11.0.1.201907311258/tools/bin/../lib/gcc/arm-none-eabi/8.2.1/../../../../arm-none-eabi/lib/thumb/v6-m/nofp/libcr_semihost_nf.a(_cr_assert.o) (__sys_appexit)
/Applications/MCUXpressoIDE_11.0.1_2563/ide/plugins/com.nxp.mcuxpresso.tools.macosx_11.0.1.201907311258/tools/bin/../lib/gcc/arm-none-eabi/8.2.1/../../../../arm-none-eabi/lib/thumb/v6-m/nofp/libcr_c.a(memcpy.o)
                              ./freertos/queue.o (memcpy)
/Applications/MCUXpressoIDE_11.0.1_2563/ide/plugins/com.nxp.mcuxpresso.tools.macosx_11.0.1.201907311258/tools/bin/../lib/gcc/arm-none-eabi/8.2.1/../../../../arm-none-eabi/lib/thumb/v6-m/nofp/libcr_c.a(memset.o)
                              ./source/logger.o (memset)
/Applications/MCUXpressoIDE_11.0.1_2563/ide/plugins/com.nxp.mcuxpresso.tools.macosx_11.0.1.201907311258/tools/bin/../lib/gcc/arm-none-eabi/8.2.1/../../../../arm-none-eabi/lib/thumb/v6-m/nofp/libcr_c.a(_deferredlazyseek.o)
                              /Applications/MCUXpressoIDE_11.0.1_2563/ide/plugins/com.nxp.mcuxpresso.tools.macosx_11.0.1.201907311258/tools/bin/../lib/gcc/arm-none-eabi/8.2.1/../../../../arm-none-eabi/lib/thumb/v6-m/nofp/libcr_semihost_nf.a(_cr_assert.o) (__flsbuf)
/Applications/MCUXpressoIDE_11.0.1_2563/ide/plugins/com.nxp.mcuxpresso.tools.macosx_11.0.1.201907311258/tools/bin/../lib/gcc/arm-none-eabi/8.2.1/../../../../arm-none-eabi/lib/thumb/v6-m/nofp/libcr_c.a(_fflush.o)
                              /Applications/MCUXpressoIDE_11.0.1_2563/ide/plugins/com.nxp.mcuxpresso.tools.macosx_11.0.1.201907311258/tools/bin/../lib/gcc/arm-none-eabi/8.2.1/../../../../arm-none-eabi/lib/thumb/v6-m/nofp/libcr_c.a(_deferredlazyseek.o) (_fflush)
/Applications/MCUXpressoIDE_11.0.1_2563/ide/plugins/com.nxp.mcuxpresso.tools.macosx_11.0.1.201907311258/tools/bin/../lib/gcc/arm-none-eabi/8.2.1/../../../../arm-none-eabi/lib/thumb/v6-m/nofp/libcr_c.a(_writebuf.o)
                              /Applications/MCUXpressoIDE_11.0.1_2563/ide/plugins/com.nxp.mcuxpresso.tools.macosx_11.0.1.201907311258/tools/bin/../lib/gcc/arm-none-eabi/8.2.1/../../../../arm-none-eabi/lib/thumb/v6-m/nofp/libcr_c.a(_deferredlazyseek.o) (_Cwritebuf)
/Applications/MCUXpressoIDE_11.0.1_2563/ide/plugins/com.nxp.mcuxpresso.tools.macosx_11.0.1.201907311258/tools/bin/../lib/gcc/arm-none-eabi/8.2.1/../../../../arm-none-eabi/lib/thumb/v6-m/nofp/libcr_c.a(alloc.o)
                              ./source/circular_buffer.o (malloc)
/Applications/MCUXpressoIDE_11.0.1_2563/ide/plugins/com.nxp.mcuxpresso.tools.macosx_11.0.1.201907311258/tools/bin/../lib/gcc/arm-none-eabi/8.2.1/../../../../arm-none-eabi/lib/thumb/v6-m/nofp/libcr_c.a(fpprintf.o)
                              ./source/logger.o (sprintf)
/Applications/MCUXpressoIDE_11.0.1_2563/ide/plugins/com.nxp.mcuxpresso.tools.macosx_11.0.1.201907311258/tools/bin/../lib/gcc/arm-none-eabi/8.2.1/../../../../arm-none-eabi/lib/thumb/v6-m/nofp/libcr_c.a(fputs.o)
                              /Applications/MCUXpressoIDE_11.0.1_2563/ide/plugins/com.nxp.mcuxpresso.tools.macosx_11.0.1.201907311258/tools/bin/../lib/gcc/arm-none-eabi/8.2.1/../../../../arm-none-eabi/lib/thumb/v6-m/nofp/libcr_semihost_nf.a(_cr_assert.o) (fputs)
/Applications/MCUXpressoIDE_11.0.1_2563/ide/plugins/com.nxp.mcuxpresso.tools.macosx_11.0.1.201907311258/tools/bin/../lib/gcc/arm-none-eabi/8.2.1/../../../../arm-none-eabi/lib/thumb/v6-m/nofp/libcr_c.a(fseek.o)
[...]
Memory Configuration

Name             Origin             Length             Attributes
PROGRAM_FLASH    0x0000000000000000 0x0000000000020000 xr
SRAM             0x000000001ffff000 0x0000000000004000 xrw
*default*        0x0000000000000000 0xffffffffffffffff

Linker script and memory map

LOAD ./utilities/fsl_debug_console.o
LOAD ./startup/startup_mkl25z4.o
LOAD ./source/circular_buffer.o
LOAD ./source/dac_adc.o
LOAD ./source/dma.o
LOAD ./source/handle_led.o
LOAD ./source/logger.o
LOAD ./source/main.o
LOAD ./source/mtb.o
LOAD ./source/post.o
LOAD ./source/semihost_hardfault.o
LOAD ./source/setup_teardown.o
LOAD ./source/sine.o
LOAD ./source/tasks.o
LOAD ./source/time.o
LOAD ./source/uart.o
LOAD ./freertos/croutine.o
LOAD ./freertos/event_groups.o
LOAD ./freertos/fsl_tickless_lptmr.o
LOAD ./freertos/fsl_tickless_systick.o
LOAD ./freertos/heap_4.o
LOAD ./freertos/list.o
LOAD ./freertos/port.o
LOAD ./freertos/queue.o
LOAD ./freertos/tasks.o
LOAD ./freertos/timers.o
LOAD ./drivers/fsl_adc16.o
LOAD ./drivers/fsl_clock.o
LOAD ./drivers/fsl_common.o
LOAD ./drivers/fsl_dac.o
LOAD ./drivers/fsl_flash.o
LOAD ./drivers/fsl_gpio.o
LOAD ./drivers/fsl_lpsci.o
LOAD ./drivers/fsl_lpsci_freertos.o
LOAD ./drivers/fsl_smc.o
LOAD ./drivers/fsl_uart.o
LOAD ./drivers/fsl_uart_freertos.o
LOAD ./board/board.o
LOAD ./board/clock_config.o
LOAD ./board/peripherals.o
LOAD ./board/pin_mux.o
LOAD ./CMSIS/system_MKL25Z4.o
START GROUP
LOAD /Applications/MCUXpressoIDE_11.0.1_2563/ide/plugins/com.nxp.mcuxpresso.tools.macosx_11.0.1.201907311258/tools/bin/../lib/gcc/arm-none-eabi/8.2.1/../../../../arm-none-eabi/lib/thumb/v6-m/nofp/libcr_semihost_nf.a
LOAD /Applications/MCUXpressoIDE_11.0.1_2563/ide/plugins/com.nxp.mcuxpresso.tools.macosx_11.0.1.201907311258/tools/bin/../lib/gcc/arm-none-eabi/8.2.1/../../../../arm-none-eabi/lib/thumb/v6-m/nofp/libcr_c.a
LOAD /Applications/MCUXpressoIDE_11.0.1_2563/ide/plugins/com.nxp.mcuxpresso.tools.macosx_11.0.1.201907311258/tools/bin/../lib/gcc/arm-none-eabi/8.2.1/thumb/v6-m/nofp/libcr_eabihelpers.a
LOAD /Applications/MCUXpressoIDE_11.0.1_2563/ide/plugins/com.nxp.mcuxpresso.tools.macosx_11.0.1.201907311258/tools/bin/../lib/gcc/arm-none-eabi/8.2.1/thumb/v6-m/nofp/libgcc.a
END GROUP
                0x0000000000000000                __base_PROGRAM_FLASH = 0x0
                0x0000000000000000                __base_Flash = 0x0
                0x0000000000020000                __top_PROGRAM_FLASH = 0x20000
                0x0000000000020000                __top_Flash = 0x20000
                0x000000001ffff000                __base_SRAM = 0x1ffff000
                0x000000001ffff000                __base_RAM = 0x1ffff000
                0x0000000020003000                __top_SRAM = 0x20003000
                0x0000000020003000                __top_RAM = 0x20003000

.text           0x0000000000000000     0xa30c
 FILL mask 0xff
                0x0000000000000000                __vectors_start__ = ABSOLUTE (.)
 *(SORT_BY_ALIGNMENT(.isr_vector))
 .isr_vector    0x0000000000000000       0xc0 ./startup/startup_mkl25z4.o
                0x0000000000000000                __Vectors
                0x0000000000000000                g_pfnVectors
                0x00000000000000c0                . = ALIGN (0x4)
                0x00000000000000c0                __section_table_start = .
                0x00000000000000c0                __data_section_table = .
                0x00000000000000c0        0x4 LONG 0xa30c LOADADDR (.data)
                0x00000000000000c4        0x4 LONG 0x1ffff080 ADDR (.data)
                0x00000000000000c8        0x4 LONG 0x48 SIZEOF (.data)
                0x00000000000000cc                __data_section_table_end = .
                0x00000000000000cc                __bss_section_table = .
                0x00000000000000cc        0x4 LONG 0x1ffff0c8 ADDR (.bss)
                0x00000000000000d0        0x4 LONG 0x2fb8 SIZEOF (.bss)
                0x00000000000000d4                __bss_section_table_end = .
                0x00000000000000d4                __section_table_end = .
 *(SORT_BY_ALIGNMENT(.after_vectors*))
 .after_vectors.reset
                0x00000000000000d4       0x4c ./startup/startup_mkl25z4.o
                0x00000000000000d4                ResetISR
 .after_vectors.init_data
                0x0000000000000120       0x12 ./startup/startup_mkl25z4.o
                0x0000000000000120                data_init
 .after_vectors.init_bss
                0x0000000000000132       0x10 ./startup/startup_mkl25z4.o
                0x0000000000000132                bss_init
 .after_vectors
                0x0000000000000142      0x10c ./startup/startup_mkl25z4.o
                0x0000000000000142                NMI_Handler
                0x000000000000014c                Reserved39_DriverIRQHandler
                0x000000000000014c                SPI1_DriverIRQHandler
                0x000000000000014c                LPTMR0_DriverIRQHandler
                0x000000000000014c                Reserved45_DriverIRQHandler
                0x000000000000014c                LVD_LVW_DriverIRQHandler
                0x000000000000014c                TPM0_DriverIRQHandler
                0x000000000000014c                CMP0_DriverIRQHandler
                0x000000000000014c                Reserved20_DriverIRQHandler
                0x000000000000014c                DMA3_DriverIRQHandler
                0x000000000000014c                ADC0_DriverIRQHandler
                0x000000000000014c                PORTA_DriverIRQHandler
                0x000000000000014c                TPM1_DriverIRQHandler
                0x000000000000014c                RTC_DriverIRQHandler
                0x000000000000014c                SPI0_DriverIRQHandler
                0x000000000000014c                I2C1_DriverIRQHandler
                0x000000000000014c                DMA1_DriverIRQHandler
                0x000000000000014c                PIT_DriverIRQHandler
                0x000000000000014c                TPM2_DriverIRQHandler
                0x000000000000014c                TSI0_DriverIRQHandler
                0x000000000000014c                RTC_Seconds_DriverIRQHandler
                0x000000000000014c                I2C0_DriverIRQHandler
                0x000000000000014c                LLWU_DriverIRQHandler
                0x000000000000014c                MCG_DriverIRQHandler
                0x000000000000014c                PORTD_DriverIRQHandler
                0x000000000000014c                FTFA_DriverIRQHandler
                0x000000000000014c                IntDefaultHandler
                0x000000000000014c                USB0_DriverIRQHandler
                0x000000000000014c                DAC0_DriverIRQHandler
                0x000000000000014c                DMA2_DriverIRQHandler
                0x000000000000014e                DMA0_IRQHandler
                0x0000000000000156                DMA1_IRQHandler
                0x000000000000015e                DMA2_IRQHandler
                0x0000000000000166                DMA3_IRQHandler
                0x000000000000016e                Reserved20_IRQHandler
                0x0000000000000176                FTFA_IRQHandler
                0x000000000000017e                LVD_LVW_IRQHandler
                0x0000000000000186                LLWU_IRQHandler
                0x000000000000018e                I2C0_IRQHandler
                0x0000000000000196                I2C1_IRQHandler
                0x000000000000019e                SPI0_IRQHandler
                0x00000000000001a6                SPI1_IRQHandler
                0x00000000000001b6                UART1_IRQHandler
                0x00000000000001be                UART2_IRQHandler
                0x00000000000001ce                CMP0_IRQHandler
                0x00000000000001d6                TPM0_IRQHandler
                0x00000000000001de                TPM1_IRQHandler
                0x00000000000001e6                TPM2_IRQHandler
                0x00000000000001ee                RTC_IRQHandler
                0x00000000000001f6                RTC_Seconds_IRQHandler
                0x00000000000001fe                PIT_IRQHandler
                0x0000000000000206                Reserved39_IRQHandler
                0x000000000000020e                USB0_IRQHandler
                0x0000000000000216                DAC0_IRQHandler
                0x000000000000021e                TSI0_IRQHandler
                0x0000000000000226                MCG_IRQHandler
                0x000000000000022e                LPTMR0_IRQHandler
                0x0000000000000236                Reserved45_IRQHandler
                0x000000000000023e                PORTA_IRQHandler
                0x0000000000000246                PORTD_IRQHandler
                0x0000000000000400                . = 0x400
 *fill*         0x000000000000024e      0x1b2 ff
                0x0000000000000400                PROVIDE (__FLASH_CONFIG_START__ = .)
 *(SORT_BY_ALIGNMENT(.FlashConfig))
 .FlashConfig   0x0000000000000400       0x10 ./startup/startup_mkl25z4.o
                0x0000000000000400                Flash_Config
                0x0000000000000410                PROVIDE (__FLASH_CONFIG_END__ = .)
                0x0000000000000001                ASSERT (! ((__FLASH_CONFIG_START__ == __FLASH_CONFIG_END__)), Linker Flash Config Support Enabled, but no .FlashConfig section provided within application)
 *(SORT_BY_ALIGNMENT(.text*))
 .text.vPortStartFirstTask
                0x0000000000000410       0x38 ./freertos/port.o
 *fill*         0x0000000000000448        0x8 ff
 .text.PendSV_Handler
                0x0000000000000450       0x48 ./freertos/port.o
                0x0000000000000450                PendSV_Handler
 .text.DbgConsole_Init
                0x0000000000000498       0xf0 ./utilities/fsl_debug_console.o
                0x0000000000000498                DbgConsole_Init
 .text.bufferIsOwned
                0x0000000000000588       0x40 ./source/circular_buffer.o
                0x0000000000000588                bufferIsOwned
 .text.circular_buf_init
                0x00000000000005c8       0xe8 ./source/circular_buffer.o
                0x00000000000005c8                circular_buf_init
 .text.circular_buf_free
                0x00000000000006b0       0x68 ./source/circular_buffer.o
                0x00000000000006b0                circular_buf_free
 .text.circular_buf_empty
                0x0000000000000718       0x50 ./source/circular_buffer.o
                0x0000000000000718                circular_buf_empty
 .text.circular_buf_full
                0x0000000000000768       0x2c ./source/circular_buffer.o
                0x0000000000000768                circular_buf_full
 .text.circular_buf_size
                0x0000000000000794       0x6c ./source/circular_buffer.o
                0x0000000000000794                circular_buf_size
 .text.ADC16_GetChannelConversionValue
                0x0000000000000800       0x30 ./source/dac_adc.o
 .text.ADC0_IRQHandler
                0x0000000000000830       0x2c ./source/dac_adc.o
                0x0000000000000830                ADC0_IRQHandler
 .text.dac_init
                0x000000000000085c       0x3c ./source/dac_adc.o
                0x000000000000085c                dac_init
 .text.adc_init
                0x0000000000000898       0x40 ./source/dac_adc.o
                0x0000000000000898                adc_init
 .text.write_dac
                0x00000000000008d8       0x24 ./source/dac_adc.o
                0x00000000000008d8                write_dac
 .text.read_adc
                0x00000000000008fc       0x40 ./source/dac_adc.o
                0x00000000000008fc                read_adc
 .text.DMA0_DriverIRQHandler
                0x000000000000093c       0x28 ./source/dma.o
                0x000000000000093c                DMA0_DriverIRQHandler
 .text.dma_init
                0x0000000000000964       0x50 ./source/dma.o
                0x0000000000000964                dma_init
 .text.dma_transfer
                0x00000000000009b4       0xa8 ./source/dma.o
                0x00000000000009b4                dma_transfer
 .text.leds_init
                0x0000000000000a5c       0xa0 ./source/handle_led.o
                0x0000000000000a5c                leds_init
 .text.set_led  0x0000000000000afc       0xc0 ./source/handle_led.o
                0x0000000000000afc                set_led
 .text.PRINT_TIME_STAMP
                0x0000000000000bbc      0x130 ./source/logger.o
 .text.PRINT_LOG_PREFIX
                0x0000000000000cec       0x8c ./source/logger.o
 .text.log_enable
                0x0000000000000d78       0x2c ./source/logger.o
                0x0000000000000d78                log_enable
 .text.log_string
                0x0000000000000da4      0x124 ./source/logger.o
                0x0000000000000da4                log_string
 .text.HardFault_Handler
                0x0000000000000ec8       0x30 ./source/semihost_hardfault.o
                0x0000000000000ec8                HardFault_Handler
 .text.initialize
                0x0000000000000ef8       0x6c ./source/setup_teardown.o
                0x0000000000000ef8                initialize
 .text.sine_init
                0x0000000000000f64      0x134 ./source/sine.o
                0x0000000000000f64                sine_init
 .text.get_next_sine_sample
                0x0000000000001098       0x30 ./source/sine.o
                0x0000000000001098                get_next_sine_sample
 .text.turn_off_dma_led
                0x00000000000010c8       0x2c ./source/tasks.o
                0x00000000000010c8                turn_off_dma_led
 .text.dsp_callback
                0x00000000000010f4      0x32c ./source/tasks.o
                0x00000000000010f4                dsp_callback
 .text.DMA_Callback
                0x0000000000001420       0x90 ./source/tasks.o
                0x0000000000001420                DMA_Callback
 .text.tasks_init
                0x00000000000014b0       0xd8 ./source/tasks.o
                0x00000000000014b0                tasks_init
 .text.write_dac0_task
                0x0000000000001588       0x6c ./source/tasks.o
                0x0000000000001588                write_dac0_task
 .text.read_adc0_task
                0x00000000000015f4       0xe4 ./source/tasks.o
                0x00000000000015f4                read_adc0_task
 .text.time_ticker
                0x00000000000016d8       0x24 ./source/time.o
                0x00000000000016d8                time_ticker
 .text.time_init
                0x00000000000016fc       0x44 ./source/time.o
                0x00000000000016fc                time_init
 .text.time_now
                0x0000000000001740       0x18 ./source/time.o
                0x0000000000001740                time_now
 .text.NVIC_EnableIRQ
                0x0000000000001758       0x2c ./source/uart.o
 .text.NVIC_DisableIRQ
                0x0000000000001784       0x30 ./source/uart.o
 .text.uart_init
                0x00000000000017b4      0x180 ./source/uart.o
                0x00000000000017b4                uart_init
 .text.uart_putchar
                0x0000000000001934       0x38 ./source/uart.o
                0x0000000000001934                uart_putchar
 .text.UART0_IRQHandler
                0x000000000000196c      0x104 ./source/uart.o
                0x000000000000196c                UART0_IRQHandler
 .text.prvSetupTimerInterrupt
                0x0000000000001a70       0x40 ./freertos/fsl_tickless_lptmr.o
                0x0000000000001a70                prvSetupTimerInterrupt
 .text.pvPortMalloc
                0x0000000000001ab0      0x14c ./freertos/heap_4.o
                0x0000000000001ab0                pvPortMalloc
 .text.vPortFree
                0x0000000000001bfc       0x90 ./freertos/heap_4.o
                0x0000000000001bfc                vPortFree
 .text.prvHeapInit
                0x0000000000001c8c       0xc0 ./freertos/heap_4.o
 .text.prvInsertBlockIntoFreeList
                0x0000000000001d4c       0xb0 ./freertos/heap_4.o
 .text.pxPortInitialiseStack
                0x0000000000001dfc       0x54 ./freertos/port.o
                0x0000000000001dfc                pxPortInitialiseStack
 .text.prvTaskExitError
                0x0000000000001e50       0x18 ./freertos/port.o
 .text.xPortStartScheduler
                0x0000000000001e68       0x44 ./freertos/port.o
                0x0000000000001e68                xPortStartScheduler
 .text.vPortYield
                0x0000000000001eac       0x20 ./freertos/port.o
                0x0000000000001eac                vPortYield
 .text.vPortEnterCritical
                0x0000000000001ecc       0x24 ./freertos/port.o
                0x0000000000001ecc                vPortEnterCritical
 .text.vPortExitCritical
                0x0000000000001ef0       0x30 ./freertos/port.o
                0x0000000000001ef0                vPortExitCritical
 .text.SysTick_Handler
                0x0000000000001f20       0x34 ./freertos/port.o
                0x0000000000001f20                SysTick_Handler
 .text.vQueueAddToRegistry
                0x0000000000001f54       0x50 ./freertos/queue.o
                0x0000000000001f54                vQueueAddToRegistry
 .text.prvInitialiseNewTask
                0x0000000000001fa4      0x12c ./freertos/tasks.o
 .text.prvAddNewTaskToReadyList
                0x00000000000020d0       0xd0 ./freertos/tasks.o
 .text.vTaskDelete
                0x00000000000021a0       0xc8 ./freertos/tasks.o
                0x00000000000021a0                vTaskDelete
 .text.vTaskStartScheduler
                0x0000000000002268       0x78 ./freertos/tasks.o
                0x0000000000002268                vTaskStartScheduler
 .text.vTaskSuspendAll
                0x00000000000022e0       0x18 ./freertos/tasks.o
                0x00000000000022e0                vTaskSuspendAll
 .text.xTaskResumeAll
                0x00000000000022f8      0x118 ./freertos/tasks.o
                0x00000000000022f8                xTaskResumeAll
 .text.xTaskGetTickCount
                0x0000000000002410       0x1c ./freertos/tasks.o
                0x0000000000002410                xTaskGetTickCount
 .text.xTaskIncrementTick
                0x000000000000242c      0x14c ./freertos/tasks.o
                0x000000000000242c                xTaskIncrementTick
 .text.vTaskSwitchContext
                0x0000000000002578       0xa4 ./freertos/tasks.o
                0x0000000000002578                vTaskSwitchContext
 .text.vTaskPlaceOnEventList
                0x000000000000261c       0x3c ./freertos/tasks.o
                0x000000000000261c                vTaskPlaceOnEventList
 .text.vTaskPlaceOnEventListRestricted
                0x0000000000002658       0x4c ./freertos/tasks.o
                0x0000000000002658                vTaskPlaceOnEventListRestricted
 .text.xTaskRemoveFromEventList
                0x00000000000026a4       0xb8 ./freertos/tasks.o
                0x00000000000026a4                xTaskRemoveFromEventList
 .text.vTaskSetTimeOutState
                0x000000000000275c       0x34 ./freertos/tasks.o
                0x000000000000275c                vTaskSetTimeOutState
 .text.xTaskCheckForTimeOut
                0x0000000000002790       0x9c ./freertos/tasks.o
                0x0000000000002790                xTaskCheckForTimeOut
 .text.vTaskMissedYield
                0x000000000000282c       0x14 ./freertos/tasks.o
                0x000000000000282c                vTaskMissedYield
 .text.prvIdleTask
                0x0000000000002840       0x20 ./freertos/tasks.o
 .text.prvInitialiseTaskLists
                0x0000000000002860       0x88 ./freertos/tasks.o
 .text.prvCheckTasksWaitingTermination
                0x00000000000028e8       0x74 ./freertos/tasks.o
 .text.prvResetNextTaskUnblockTime
                0x000000000000295c       0x48 ./freertos/tasks.o
 .text.xTaskGetSchedulerState
                0x00000000000029a4       0x38 ./freertos/tasks.o
                0x00000000000029a4                xTaskGetSchedulerState
 .text.vTaskPriorityInherit
                0x00000000000029dc       0xbc ./freertos/tasks.o
                0x00000000000029dc                vTaskPriorityInherit
 .text.xTaskPriorityDisinherit
                0x0000000000002a98       0xb8 ./freertos/tasks.o
                0x0000000000002a98                xTaskPriorityDisinherit
 .text.pvTaskIncrementMutexHeldCount
                0x0000000000002b50       0x24 ./freertos/tasks.o
                0x0000000000002b50                pvTaskIncrementMutexHeldCount
 .text.prvAddCurrentTaskToDelayedList
                0x0000000000002b74       0xa8 ./freertos/tasks.o
 .text.xTimerCreateTimerTask
                0x0000000000002c1c       0x54 ./freertos/timers.o
                0x0000000000002c1c                xTimerCreateTimerTask
 .text.xTimerGenericCommand
                0x0000000000002c70       0x94 ./freertos/timers.o
                0x0000000000002c70                xTimerGenericCommand
 .text.prvProcessExpiredTimer
                0x0000000000002d04       0x70 ./freertos/timers.o
 .text.prvProcessTimerOrBlockTask
                0x0000000000002d74       0x8c ./freertos/timers.o
 .text.prvGetNextExpireTime
                0x0000000000002e00       0x40 ./freertos/timers.o
 .text.prvSampleTimeNow
                0x0000000000002e40       0x40 ./freertos/timers.o
 .text.prvInsertTimerInActiveList
                0x0000000000002e80       0x84 ./freertos/timers.o
 .text.prvProcessReceivedCommands
                0x0000000000002f04      0x124 ./freertos/timers.o
 .text.prvSwitchTimerLists
                0x0000000000003028       0xb4 ./freertos/timers.o
 .text.prvCheckForValidListAndQueue
                0x00000000000030dc       0x74 ./freertos/timers.o
 .text.CLOCK_EnableClock
                0x0000000000003150       0x34 ./drivers/fsl_adc16.o
 .text.ADC16_GetInstance
                0x0000000000003184       0x48 ./drivers/fsl_adc16.o
 .text.ADC16_Init
                0x00000000000031cc      0x114 ./drivers/fsl_adc16.o
                0x00000000000031cc                ADC16_Init
 .text.ADC16_GetDefaultConfig
                0x00000000000032e0       0x58 ./drivers/fsl_adc16.o
                0x00000000000032e0                ADC16_GetDefaultConfig
 .text.ADC16_SetChannelConfig
                0x0000000000003338       0x6c ./drivers/fsl_adc16.o
                0x0000000000003338                ADC16_SetChannelConfig
 .text.ADC16_GetChannelStatusFlags
                0x00000000000033a4       0x40 ./drivers/fsl_adc16.o
                0x00000000000033a4                ADC16_GetChannelStatusFlags
 .text.CLOCK_SetEr32kClock
                0x00000000000033e4       0x34 ./drivers/fsl_clock.o
 .text.CLOCK_SetPllFllSelClock
                0x0000000000003418       0x38 ./drivers/fsl_clock.o
 .text.CLOCK_GetMcgExtClkFreq
                0x0000000000003450       0x28 ./drivers/fsl_clock.o
 .text.CLOCK_GetFllExtRefClkFreq
                0x0000000000003478       0xa4 ./drivers/fsl_clock.o
 .text.CLOCK_GetFllRefClkFreq
                0x000000000000351c       0x2c ./drivers/fsl_clock.o
 .text.CLOCK_GetOscRangeFromFreq
                0x0000000000003548       0x4c ./drivers/fsl_clock.o
 .text.CLOCK_GetPllFllSelClkFreq
                0x0000000000003594       0x4c ./drivers/fsl_clock.o
                0x0000000000003594                CLOCK_GetPllFllSelClkFreq
 .text.CLOCK_SetSimConfig
                0x00000000000035e0       0x38 ./drivers/fsl_clock.o
                0x00000000000035e0                CLOCK_SetSimConfig
 .text.CLOCK_GetFllFreq
                0x0000000000003618       0x84 ./drivers/fsl_clock.o
                0x0000000000003618                CLOCK_GetFllFreq
 .text.CLOCK_GetPll0Freq
                0x000000000000369c       0x70 ./drivers/fsl_clock.o
                0x000000000000369c                CLOCK_GetPll0Freq
 .text.CLOCK_SetInternalRefClkConfig
                0x000000000000370c      0x124 ./drivers/fsl_clock.o
                0x000000000000370c                CLOCK_SetInternalRefClkConfig
 .text.CLOCK_EnablePll0
                0x0000000000003830       0x90 ./drivers/fsl_clock.o
                0x0000000000003830                CLOCK_EnablePll0
 .text.CLOCK_InitOsc0
                0x00000000000038c0       0x94 ./drivers/fsl_clock.o
                0x00000000000038c0                CLOCK_InitOsc0
 .text.CLOCK_SetPbeMode
                0x0000000000003954       0xb0 ./drivers/fsl_clock.o
                0x0000000000003954                CLOCK_SetPbeMode
 .text.CLOCK_BootToPeeMode
                0x0000000000003a04       0x70 ./drivers/fsl_clock.o
                0x0000000000003a04                CLOCK_BootToPeeMode
 .text.CLOCK_EnableClock
                0x0000000000003a74       0x34 ./drivers/fsl_dac.o
 .text.DAC_GetInstance
                0x0000000000003aa8       0x48 ./drivers/fsl_dac.o
 .text.DAC_Init
                0x0000000000003af0       0x80 ./drivers/fsl_dac.o
                0x0000000000003af0                DAC_Init
 .text.DAC_GetDefaultConfig
                0x0000000000003b70       0x30 ./drivers/fsl_dac.o
                0x0000000000003b70                DAC_GetDefaultConfig
 .text.DAC_SetBufferValue
                0x0000000000003ba0       0x64 ./drivers/fsl_dac.o
                0x0000000000003ba0                DAC_SetBufferValue
 .text.DAC_SetBufferReadPointer
                0x0000000000003c04       0x60 ./drivers/fsl_dac.o
                0x0000000000003c04                DAC_SetBufferReadPointer
 .text.CLOCK_EnableClock
                0x0000000000003c64       0x34 ./drivers/fsl_lpsci.o
 .text.LPSCI_GetInstance
                0x0000000000003c98       0x48 ./drivers/fsl_lpsci.o
                0x0000000000003c98                LPSCI_GetInstance
 .text.LPSCI_Init
                0x0000000000003ce0      0x258 ./drivers/fsl_lpsci.o
                0x0000000000003ce0                LPSCI_Init
 .text.LPSCI_GetDefaultConfig
                0x0000000000003f38       0x44 ./drivers/fsl_lpsci.o
                0x0000000000003f38                LPSCI_GetDefaultConfig
 .text.LPSCI_ClearStatusFlags
                0x0000000000003f7c       0x94 ./drivers/fsl_lpsci.o
                0x0000000000003f7c                LPSCI_ClearStatusFlags
 .text.LPSCI_WriteBlocking
                0x0000000000004010       0x4c ./drivers/fsl_lpsci.o
                0x0000000000004010                LPSCI_WriteBlocking
 .text.LPSCI_ReadBlocking
                0x000000000000405c       0xc0 ./drivers/fsl_lpsci.o
                0x000000000000405c                LPSCI_ReadBlocking
 .text.UART0_DriverIRQHandler
                0x000000000000411c       0x24 ./drivers/fsl_lpsci.o
                0x000000000000411c                UART0_DriverIRQHandler
 .text.CLOCK_EnableClock
                0x0000000000004140       0x34 ./drivers/fsl_uart.o
 .text.UART_GetInstance
                0x0000000000004174       0x54 ./drivers/fsl_uart.o
                0x0000000000004174                UART_GetInstance
 .text.UART_Init
                0x00000000000041c8      0x1e0 ./drivers/fsl_uart.o
                0x00000000000041c8                UART_Init
 .text.UART_GetDefaultConfig
                0x00000000000043a8       0x44 ./drivers/fsl_uart.o
                0x00000000000043a8                UART_GetDefaultConfig
 .text.UART_ReadBlocking
                0x00000000000043ec       0x98 ./drivers/fsl_uart.o
                0x00000000000043ec                UART_ReadBlocking
 .text.UART1_DriverIRQHandler
                0x0000000000004484       0x24 ./drivers/fsl_uart.o
                0x0000000000004484                UART1_DriverIRQHandler
 .text.UART2_DriverIRQHandler
                0x00000000000044a8       0x24 ./drivers/fsl_uart.o
                0x00000000000044a8                UART2_DriverIRQHandler
 .text.CLOCK_SetLpsci0Clock
                0x00000000000044cc       0x38 ./board/board.o
 .text.BOARD_InitDebugConsole
                0x0000000000004504       0x30 ./board/board.o
                0x0000000000004504                BOARD_InitDebugConsole
 .text.CLOCK_SetSimSafeDivs
                0x0000000000004534       0x20 ./board/clock_config.o
 .text.CLOCK_SetXtal0Freq
                0x0000000000004554       0x1c ./board/clock_config.o
 .text.CLOCK_CONFIG_SetFllExtRefDiv
                0x0000000000004570       0x3c ./board/clock_config.o
 .text.BOARD_BootClockRUN
                0x00000000000045ac       0x64 ./board/clock_config.o
                0x00000000000045ac                BOARD_BootClockRUN
 .text.CLOCK_EnableClock
                0x0000000000004610       0x34 ./board/pin_mux.o
 .text.PORT_SetPinMux
                0x0000000000004644       0x40 ./board/pin_mux.o
 .text.BOARD_InitPins
                0x0000000000004684       0x4c ./board/pin_mux.o
                0x0000000000004684                BOARD_InitPins
 .text.SystemInit
                0x00000000000046d0       0x18 ./CMSIS/system_MKL25Z4.o
                0x00000000000046d0                SystemInit
 .text.SystemCoreClockUpdate
                0x00000000000046e8      0x238 ./CMSIS/system_MKL25Z4.o
                0x00000000000046e8                SystemCoreClockUpdate
 .text.__assertion_failed
                0x0000000000004920       0x4c /Applications/MCUXpressoIDE_11.0.1_2563/ide/plugins/com.nxp.mcuxpresso.tools.macosx_11.0.1.201907311258/tools/bin/../lib/gcc/arm-none-eabi/8.2.1/../../../../arm-none-eabi/lib/thumb/v6-m/nofp/libcr_semihost_nf.a(_cr_assert.o)
                0x0000000000004920                __assertion_failed
 .text.__sys_appexit
                0x000000000000496c        0xc /Applications/MCUXpressoIDE_11.0.1_2563/ide/plugins/com.nxp.mcuxpresso.tools.macosx_11.0.1.201907311258/tools/bin/../lib/gcc/arm-none-eabi/8.2.1/../../../../arm-none-eabi/lib/thumb/v6-m/nofp/libcr_semihost_nf.a(__sys_appexit.o)
                0x000000000000496c                __exit
                0x000000000000496c                __sys_appexit
 .text._deferredlazyseek
                0x0000000000004978       0x40 /Applications/MCUXpressoIDE_11.0.1_2563/ide/plugins/com.nxp.mcuxpresso.tools.macosx_11.0.1.201907311258/tools/bin/../lib/gcc/arm-none-eabi/8.2.1/../../../../arm-none-eabi/lib/thumb/v6-m/nofp/libcr_c.a(_deferredlazyseek.o)
                0x0000000000004978                _deferredlazyseek
 .text.__flsbuf
                0x00000000000049b8      0x14c /Applications/MCUXpressoIDE_11.0.1_2563/ide/plugins/com.nxp.mcuxpresso.tools.macosx_11.0.1.201907311258/tools/bin/../lib/gcc/arm-none-eabi/8.2.1/../../../../arm-none-eabi/lib/thumb/v6-m/nofp/libcr_c.a(_deferredlazyseek.o)
                0x00000000000049b8                __flsbuf
 .text._fflush  0x0000000000004b04       0x5c /Applications/MCUXpressoIDE_11.0.1_2563/ide/plugins/com.nxp.mcuxpresso.tools.macosx_11.0.1.201907311258/tools/bin/../lib/gcc/arm-none-eabi/8.2.1/../../../../arm-none-eabi/lib/thumb/v6-m/nofp/libcr_c.a(_fflush.o)
                0x0000000000004b04                _fflush
 .text._Cwritebuf
                0x0000000000004b60       0x68 /Applications/MCUXpressoIDE_11.0.1_2563/ide/plugins/com.nxp.mcuxpresso.tools.macosx_11.0.1.201907311258/tools/bin/../lib/gcc/arm-none-eabi/8.2.1/../../../../arm-none-eabi/lib/thumb/v6-m/nofp/libcr_c.a(_writebuf.o)
                0x0000000000004b60                _Cwritebuf
 .text.malloc   0x0000000000004bc8       0xcc /Applications/MCUXpressoIDE_11.0.1_2563/ide/plugins/com.nxp.mcuxpresso.tools.macosx_11.0.1.201907311258/tools/bin/../lib/gcc/arm-none-eabi/8.2.1/../../../../arm-none-eabi/lib/thumb/v6-m/nofp/libcr_c.a(alloc.o)
                0x0000000000004bc8                malloc
 .text._Csys_alloc
                0x0000000000004c94       0x20 /Applications/MCUXpressoIDE_11.0.1_2563/ide/plugins/com.nxp.mcuxpresso.tools.macosx_11.0.1.201907311258/tools/bin/../lib/gcc/arm-none-eabi/8.2.1/../../../../arm-none-eabi/lib/thumb/v6-m/nofp/libcr_c.a(alloc.o)
                0x0000000000004c94                _Csys_alloc
 .text.sprintf  0x0000000000004cb4       0x6c /Applications/MCUXpressoIDE_11.0.1_2563/ide/plugins/com.nxp.mcuxpresso.tools.macosx_11.0.1.201907311258/tools/bin/../lib/gcc/arm-none-eabi/8.2.1/../../../../arm-none-eabi/lib/thumb/v6-m/nofp/libcr_c.a(fpprintf.o)
                0x0000000000004cb4                sprintf
 .text.fp_display
                0x0000000000004d20      0x964 /Applications/MCUXpressoIDE_11.0.1_2563/ide/plugins/com.nxp.mcuxpresso.tools.macosx_11.0.1.201907311258/tools/bin/../lib/gcc/arm-none-eabi/8.2.1/../../../../arm-none-eabi/lib/thumb/v6-m/nofp/libcr_c.a(fpprintf.o)
 .text.vsprintf
                0x0000000000005684       0x60 /Applications/MCUXpressoIDE_11.0.1_2563/ide/plugins/com.nxp.mcuxpresso.tools.macosx_11.0.1.201907311258/tools/bin/../lib/gcc/arm-none-eabi/8.2.1/../../../../arm-none-eabi/lib/thumb/v6-m/nofp/libcr_c.a(fpprintf.o)
                0x0000000000005684                vsprintf
 .text.fseek    0x00000000000056e4       0xf0 /Applications/MCUXpressoIDE_11.0.1_2563/ide/plugins/com.nxp.mcuxpresso.tools.macosx_11.0.1.201907311258/tools/bin/../lib/gcc/arm-none-eabi/8.2.1/../../../../arm-none-eabi/lib/thumb/v6-m/nofp/libcr_c.a(fseek.o)
                0x00000000000056e4                fseek
 .text.ftell    0x00000000000057d4       0x48 /Applications/MCUXpressoIDE_11.0.1_2563/ide/plugins/com.nxp.mcuxpresso.tools.macosx_11.0.1.201907311258/tools/bin/../lib/gcc/arm-none-eabi/8.2.1/../../../../arm-none-eabi/lib/thumb/v6-m/nofp/libcr_c.a(ftell.o)
                0x00000000000057d4                ftell
 .text._initio  0x000000000000581c       0x7c /Applications/MCUXpressoIDE_11.0.1_2563/ide/plugins/com.nxp.mcuxpresso.tools.macosx_11.0.1.201907311258/tools/bin/../lib/gcc/arm-none-eabi/8.2.1/../../../../arm-none-eabi/lib/thumb/v6-m/nofp/libcr_c.a(initio.o)
                0x000000000000581c                _initio
 .text.__vfprintf
                0x0000000000005898      0xcd8 /Applications/MCUXpressoIDE_11.0.1_2563/ide/plugins/com.nxp.mcuxpresso.tools.macosx_11.0.1.201907311258/tools/bin/../lib/gcc/arm-none-eabi/8.2.1/../../../../arm-none-eabi/lib/thumb/v6-m/nofp/libcr_c.a(printf.o)
                0x0000000000005898                __vfprintf
 .text.setvbuf  0x0000000000006570       0x4c /Applications/MCUXpressoIDE_11.0.1_2563/ide/plugins/com.nxp.mcuxpresso.tools.macosx_11.0.1.201907311258/tools/bin/../lib/gcc/arm-none-eabi/8.2.1/../../../../arm-none-eabi/lib/thumb/v6-m/nofp/libcr_c.a(setvbuf.o)
                0x0000000000006570                setvbuf
 .text.sqrt     0x00000000000065bc      0x13c /Applications/MCUXpressoIDE_11.0.1_2563/ide/plugins/com.nxp.mcuxpresso.tools.macosx_11.0.1.201907311258/tools/bin/../lib/gcc/arm-none-eabi/8.2.1/../../../../arm-none-eabi/lib/thumb/v6-m/nofp/libcr_c.a(sqrt.o)
                0x00000000000065bc                sqrt
 .text.strlen   0x00000000000066f8       0x58 /Applications/MCUXpressoIDE_11.0.1_2563/ide/plugins/com.nxp.mcuxpresso.tools.macosx_11.0.1.201907311258/tools/bin/../lib/gcc/arm-none-eabi/8.2.1/../../../../arm-none-eabi/lib/thumb/v6-m/nofp/libcr_c.a(strlen.o)
                0x00000000000066f8                strlen
 .text._sbrk    0x0000000000006750       0x40 /Applications/MCUXpressoIDE_11.0.1_2563/ide/plugins/com.nxp.mcuxpresso.tools.macosx_11.0.1.201907311258/tools/bin/../lib/gcc/arm-none-eabi/8.2.1/../../../../arm-none-eabi/lib/thumb/v6-m/nofp/libcr_c.a(_cr_sbrk.o)
                0x0000000000006750                _sbrk
 .text._fdopen  0x0000000000006790       0x74 /Applications/MCUXpressoIDE_11.0.1_2563/ide/plugins/com.nxp.mcuxpresso.tools.macosx_11.0.1.201907311258/tools/bin/../lib/gcc/arm-none-eabi/8.2.1/../../../../arm-none-eabi/lib/thumb/v6-m/nofp/libcr_c.a(_fdopen.o)
                0x0000000000006790                _fdopen
 .text._frexpl  0x0000000000006804       0x80 /Applications/MCUXpressoIDE_11.0.1_2563/ide/plugins/com.nxp.mcuxpresso.tools.macosx_11.0.1.201907311258/tools/bin/../lib/gcc/arm-none-eabi/8.2.1/../../../../arm-none-eabi/lib/thumb/v6-m/nofp/libcr_c.a(_frexpl.o)
                0x0000000000006804                _frexpl
 .text._ldexpl  0x0000000000006884       0x58 /Applications/MCUXpressoIDE_11.0.1_2563/ide/plugins/com.nxp.mcuxpresso.tools.macosx_11.0.1.201907311258/tools/bin/../lib/gcc/arm-none-eabi/8.2.1/../../../../arm-none-eabi/lib/thumb/v6-m/nofp/libcr_c.a(_ldexpl.o)
                0x0000000000006884                _ldexpl
 .text._sincos  0x00000000000068dc      0x1dc /Applications/MCUXpressoIDE_11.0.1_2563/ide/plugins/com.nxp.mcuxpresso.tools.macosx_11.0.1.201907311258/tools/bin/../lib/gcc/arm-none-eabi/8.2.1/../../../../arm-none-eabi/lib/thumb/v6-m/nofp/libcr_c.a(_sincos.o)
                0x00000000000068dc                _sincos
 .text.fclose   0x0000000000006ab8       0x5c /Applications/MCUXpressoIDE_11.0.1_2563/ide/plugins/com.nxp.mcuxpresso.tools.macosx_11.0.1.201907311258/tools/bin/../lib/gcc/arm-none-eabi/8.2.1/../../../../arm-none-eabi/lib/thumb/v6-m/nofp/libcr_c.a(fclose.o)
                0x0000000000006ab8                fclose
 .text.fflush   0x0000000000006b14       0x44 /Applications/MCUXpressoIDE_11.0.1_2563/ide/plugins/com.nxp.mcuxpresso.tools.macosx_11.0.1.201907311258/tools/bin/../lib/gcc/arm-none-eabi/8.2.1/../../../../arm-none-eabi/lib/thumb/v6-m/nofp/libcr_c.a(fflush.o)
                0x0000000000006b14                fflush
 .text.__check_heap_overflow
                0x0000000000006b58       0x14 /Applications/MCUXpressoIDE_11.0.1_2563/ide/plugins/com.nxp.mcuxpresso.tools.macosx_11.0.1.201907311258/tools/bin/../lib/gcc/arm-none-eabi/8.2.1/../../../../arm-none-eabi/lib/thumb/v6-m/nofp/libcr_c.a(_cr_check_heap.o)
                0x0000000000006b58                __check_heap_overflow
 .text._do_fflush
                0x0000000000006b6c       0x44 /Applications/MCUXpressoIDE_11.0.1_2563/ide/plugins/com.nxp.mcuxpresso.tools.macosx_11.0.1.201907311258/tools/bin/../lib/gcc/arm-none-eabi/8.2.1/../../../../arm-none-eabi/lib/thumb/v6-m/nofp/libcr_c.a(_do_fflush.o)
                0x0000000000006b6c                _do_fflush
 .text.__aeabi_dmul
                0x0000000000006bb0      0x188 /Applications/MCUXpressoIDE_11.0.1_2563/ide/plugins/com.nxp.mcuxpresso.tools.macosx_11.0.1.201907311258/tools/bin/../lib/gcc/arm-none-eabi/8.2.1/thumb/v6-m/nofp/libcr_eabihelpers.a(double.o)
                0x0000000000006bb0                __aeabi_dmul
 .text.__aeabi_ddiv
                0x0000000000006d38      0x148 /Applications/MCUXpressoIDE_11.0.1_2563/ide/plugins/com.nxp.mcuxpresso.tools.macosx_11.0.1.201907311258/tools/bin/../lib/gcc/arm-none-eabi/8.2.1/thumb/v6-m/nofp/libcr_eabihelpers.a(double.o)
                0x0000000000006d38                __aeabi_ddiv
 .text.__aeabi_dsub
                0x0000000000006e80      0x1c4 /Applications/MCUXpressoIDE_11.0.1_2563/ide/plugins/com.nxp.mcuxpresso.tools.macosx_11.0.1.201907311258/tools/bin/../lib/gcc/arm-none-eabi/8.2.1/thumb/v6-m/nofp/libcr_eabihelpers.a(double.o)
                0x0000000000006e80                __aeabi_dsub
 .text.__aeabi_dadd
                0x0000000000007044      0x12c /Applications/MCUXpressoIDE_11.0.1_2563/ide/plugins/com.nxp.mcuxpresso.tools.macosx_11.0.1.201907311258/tools/bin/../lib/gcc/arm-none-eabi/8.2.1/thumb/v6-m/nofp/libcr_eabihelpers.a(double.o)
                0x0000000000007044                __aeabi_dadd
 .text.__aeabi_d2f
                0x0000000000007170       0x60 /Applications/MCUXpressoIDE_11.0.1_2563/ide/plugins/com.nxp.mcuxpresso.tools.macosx_11.0.1.201907311258/tools/bin/../lib/gcc/arm-none-eabi/8.2.1/thumb/v6-m/nofp/libcr_eabihelpers.a(double.o)
                0x0000000000007170                __aeabi_d2f
 .text.__aeabi_d2iz
                0x00000000000071d0       0x4c /Applications/MCUXpressoIDE_11.0.1_2563/ide/plugins/com.nxp.mcuxpresso.tools.macosx_11.0.1.201907311258/tools/bin/../lib/gcc/arm-none-eabi/8.2.1/thumb/v6-m/nofp/libcr_eabihelpers.a(double.o)
                0x00000000000071d0                __aeabi_d2iz
 .text.__aeabi_d2uiz
                0x000000000000721c       0x34 /Applications/MCUXpressoIDE_11.0.1_2563/ide/plugins/com.nxp.mcuxpresso.tools.macosx_11.0.1.201907311258/tools/bin/../lib/gcc/arm-none-eabi/8.2.1/thumb/v6-m/nofp/libcr_eabihelpers.a(double.o)
                0x000000000000721c                __aeabi_d2uiz
 .text.__bhs_ul2d
                0x0000000000007250       0xb4 /Applications/MCUXpressoIDE_11.0.1_2563/ide/plugins/com.nxp.mcuxpresso.tools.macosx_11.0.1.201907311258/tools/bin/../lib/gcc/arm-none-eabi/8.2.1/thumb/v6-m/nofp/libcr_eabihelpers.a(double.o)
                0x0000000000007250                __bhs_ul2d
 .text.__aeabi_dcmpeq
                0x0000000000007304       0x30 /Applications/MCUXpressoIDE_11.0.1_2563/ide/plugins/com.nxp.mcuxpresso.tools.macosx_11.0.1.201907311258/tools/bin/../lib/gcc/arm-none-eabi/8.2.1/thumb/v6-m/nofp/libcr_eabihelpers.a(double.o)
                0x0000000000007304                __aeabi_dcmpeq
 .text.__aeabi_dcmplt
                0x0000000000007334       0x60 /Applications/MCUXpressoIDE_11.0.1_2563/ide/plugins/com.nxp.mcuxpresso.tools.macosx_11.0.1.201907311258/tools/bin/../lib/gcc/arm-none-eabi/8.2.1/thumb/v6-m/nofp/libcr_eabihelpers.a(double.o)
                0x0000000000007334                __aeabi_dcmplt
 .text.__aeabi_dcmple
                0x0000000000007394       0x58 /Applications/MCUXpressoIDE_11.0.1_2563/ide/plugins/com.nxp.mcuxpresso.tools.macosx_11.0.1.201907311258/tools/bin/../lib/gcc/arm-none-eabi/8.2.1/thumb/v6-m/nofp/libcr_eabihelpers.a(double.o)
                0x0000000000007394                __aeabi_dcmple
 .text.__aeabi_dcmpge
                0x00000000000073ec       0x60 /Applications/MCUXpressoIDE_11.0.1_2563/ide/plugins/com.nxp.mcuxpresso.tools.macosx_11.0.1.201907311258/tools/bin/../lib/gcc/arm-none-eabi/8.2.1/thumb/v6-m/nofp/libcr_eabihelpers.a(double.o)
                0x00000000000073ec                __aeabi_dcmpge
 .text.__aeabi_fmul
                0x000000000000744c       0xc4 /Applications/MCUXpressoIDE_11.0.1_2563/ide/plugins/com.nxp.mcuxpresso.tools.macosx_11.0.1.201907311258/tools/bin/../lib/gcc/arm-none-eabi/8.2.1/thumb/v6-m/nofp/libcr_eabihelpers.a(float.o)
                0x000000000000744c                __aeabi_fmul
 .text.__aeabi_fdiv
                0x0000000000007510       0xdc /Applications/MCUXpressoIDE_11.0.1_2563/ide/plugins/com.nxp.mcuxpresso.tools.macosx_11.0.1.201907311258/tools/bin/../lib/gcc/arm-none-eabi/8.2.1/thumb/v6-m/nofp/libcr_eabihelpers.a(float.o)
                0x0000000000007510                __aeabi_fdiv
 .text.__aeabi_fsub
                0x00000000000075ec      0x128 /Applications/MCUXpressoIDE_11.0.1_2563/ide/plugins/com.nxp.mcuxpresso.tools.macosx_11.0.1.201907311258/tools/bin/../lib/gcc/arm-none-eabi/8.2.1/thumb/v6-m/nofp/libcr_eabihelpers.a(float.o)
                0x00000000000075ec                __aeabi_fsub
 .text.__aeabi_fadd
                0x0000000000007714       0xac /Applications/MCUXpressoIDE_11.0.1_2563/ide/plugins/com.nxp.mcuxpresso.tools.macosx_11.0.1.201907311258/tools/bin/../lib/gcc/arm-none-eabi/8.2.1/thumb/v6-m/nofp/libcr_eabihelpers.a(float.o)
                0x0000000000007714                __aeabi_fadd
 .text.__aeabi_f2d
                0x00000000000077c0       0x3c /Applications/MCUXpressoIDE_11.0.1_2563/ide/plugins/com.nxp.mcuxpresso.tools.macosx_11.0.1.201907311258/tools/bin/../lib/gcc/arm-none-eabi/8.2.1/thumb/v6-m/nofp/libcr_eabihelpers.a(float.o)
                0x00000000000077c0                __aeabi_f2d
 .text.UART_EnableTx
                0x00000000000077fc       0x40 ./utilities/fsl_debug_console.o
 .text.UART_EnableRx
                0x000000000000783c       0x40 ./utilities/fsl_debug_console.o
 .text.LPSCI_EnableTx
                0x000000000000787c       0x40 ./utilities/fsl_debug_console.o
 .text.LPSCI_EnableRx
                0x00000000000078bc       0x40 ./utilities/fsl_debug_console.o
 .text.circular_buf_reset
                0x00000000000078fc       0x2e ./source/circular_buffer.o
                0x00000000000078fc                circular_buf_reset
 .text.circular_buf_copy
                0x000000000000792a       0x42 ./source/circular_buffer.o
                0x000000000000792a                circular_buf_copy
 .text.circular_buf_resize
                0x000000000000796c       0x7c ./source/circular_buffer.o
                0x000000000000796c                circular_buf_resize
 .text.circular_buf_push
                0x00000000000079e8       0x9c ./source/circular_buffer.o
                0x00000000000079e8                circular_buf_push
 .text.circular_buf_push_resize
                0x0000000000007a84       0xd0 ./source/circular_buffer.o
                0x0000000000007a84                circular_buf_push_resize
 .text.circular_buf_pop
                0x0000000000007b54       0x76 ./source/circular_buffer.o
                0x0000000000007b54                circular_buf_pop
 .text.DAC_Enable
                0x0000000000007bca       0x4a ./source/dac_adc.o
 .text.ADC16_EnableHardwareTrigger
                0x0000000000007c14       0x3a ./source/dac_adc.o
 .text.main     0x0000000000007c4e        0xa ./source/main.o
                0x0000000000007c4e                main
 .text.power_on_self_test
                0x0000000000007c58       0x24 ./source/post.o
                0x0000000000007c58                power_on_self_test
 .text.uart_put_string
                0x0000000000007c7c       0x28 ./source/uart.o
                0x0000000000007c7c                uart_put_string
 .text.vListInitialise
                0x0000000000007ca4       0x3c ./freertos/list.o
                0x0000000000007ca4                vListInitialise
 .text.vListInitialiseItem
                0x0000000000007ce0       0x16 ./freertos/list.o
                0x0000000000007ce0                vListInitialiseItem
 .text.vListInsertEnd
                0x0000000000007cf6       0x44 ./freertos/list.o
                0x0000000000007cf6                vListInsertEnd
 .text.vListInsert
                0x0000000000007d3a       0x6c ./freertos/list.o
                0x0000000000007d3a                vListInsert
 .text.uxListRemove
                0x0000000000007da6       0x50 ./freertos/list.o
                0x0000000000007da6                uxListRemove
 .text.SVC_Handler
                0x0000000000007df6        0xa ./freertos/port.o
                0x0000000000007df6                SVC_Handler
 .text.ulSetInterruptMaskFromISR
                0x0000000000007e00        0xc ./freertos/port.o
                0x0000000000007e00                ulSetInterruptMaskFromISR
 .text.vClearInterruptMaskFromISR
                0x0000000000007e0c        0x8 ./freertos/port.o
                0x0000000000007e0c                vClearInterruptMaskFromISR
 .text.xQueueGenericReset
                0x0000000000007e14       0xa8 ./freertos/queue.o
                0x0000000000007e14                xQueueGenericReset
 .text.xQueueGenericCreate
                0x0000000000007ebc       0x64 ./freertos/queue.o
                0x0000000000007ebc                xQueueGenericCreate
 .text.prvInitialiseNewQueue
                0x0000000000007f20       0x4e ./freertos/queue.o
 .text.xQueueGenericSend
                0x0000000000007f6e      0x188 ./freertos/queue.o
                0x0000000000007f6e                xQueueGenericSend
 .text.xQueueGenericSendFromISR
                0x00000000000080f6       0xe2 ./freertos/queue.o
                0x00000000000080f6                xQueueGenericSendFromISR
 .text.xQueueGenericReceive
                0x00000000000081d8      0x1c8 ./freertos/queue.o
                0x00000000000081d8                xQueueGenericReceive
 .text.prvCopyDataToQueue
                0x00000000000083a0       0xd6 ./freertos/queue.o
 .text.prvCopyDataFromQueue
                0x0000000000008476       0x4c ./freertos/queue.o
 .text.prvUnlockQueue
                0x00000000000084c2       0xbc ./freertos/queue.o
 .text.prvIsQueueEmpty
                0x000000000000857e       0x2c ./freertos/queue.o
 .text.prvIsQueueFull
                0x00000000000085aa       0x30 ./freertos/queue.o
 .text.vQueueWaitForMessageRestricted
                0x00000000000085da       0x66 ./freertos/queue.o
                0x00000000000085da                vQueueWaitForMessageRestricted
 .text.xTaskCreate
                0x0000000000008640       0x90 ./freertos/tasks.o
                0x0000000000008640                xTaskCreate
 .text.prvDeleteTCB
                0x00000000000086d0       0x22 ./freertos/tasks.o
 .text.xTimerCreate
                0x00000000000086f2       0x3e ./freertos/timers.o
                0x00000000000086f2                xTimerCreate
 .text.prvInitialiseNewTimer
                0x0000000000008730       0x52 ./freertos/timers.o
 .text.prvTimerTask
                0x0000000000008782       0x28 ./freertos/timers.o
 .text.OSC_SetExtRefClkConfig
                0x00000000000087aa       0x3e ./drivers/fsl_clock.o
 .text.OSC_SetCapLoad
                0x00000000000087e8       0x42 ./drivers/fsl_clock.o
 .text.CLOCK_GetPll0RefFreq
                0x000000000000882a       0x10 ./drivers/fsl_clock.o
 .text.CLOCK_SetExternalRefClkConfig
                0x000000000000883a       0x16 ./drivers/fsl_clock.o
                0x000000000000883a                CLOCK_SetExternalRefClkConfig
 .text.LPSCI_GetStatusFlags
                0x0000000000008850       0x26 ./drivers/fsl_lpsci.o
                0x0000000000008850                LPSCI_GetStatusFlags
 .text.UART_GetStatusFlags
                0x0000000000008876       0x26 ./drivers/fsl_uart.o
                0x0000000000008876                UART_GetStatusFlags
 .text.UART_WriteBlocking
                0x000000000000889c       0x3a ./drivers/fsl_uart.o
                0x000000000000889c                UART_WriteBlocking
 .text.__main   0x00000000000088d6        0xc /Applications/MCUXpressoIDE_11.0.1_2563/ide/plugins/com.nxp.mcuxpresso.tools.macosx_11.0.1.201907311258/tools/bin/../lib/gcc/arm-none-eabi/8.2.1/../../../../arm-none-eabi/lib/thumb/v6-m/nofp/libcr_semihost_nf.a(_cr__main.o)
                0x00000000000088d6                __main
                0x00000000000088d6                __CR_SEMIHOST
 .text.memcpy   0x00000000000088e2        0x8 /Applications/MCUXpressoIDE_11.0.1_2563/ide/plugins/com.nxp.mcuxpresso.tools.macosx_11.0.1.201907311258/tools/bin/../lib/gcc/arm-none-eabi/8.2.1/../../../../arm-none-eabi/lib/thumb/v6-m/nofp/libcr_c.a(memcpy.o)
                0x00000000000088e2                memcpy
 .text.memset   0x00000000000088ea        0x8 /Applications/MCUXpressoIDE_11.0.1_2563/ide/plugins/com.nxp.mcuxpresso.tools.macosx_11.0.1.201907311258/tools/bin/../lib/gcc/arm-none-eabi/8.2.1/../../../../arm-none-eabi/lib/thumb/v6-m/nofp/libcr_c.a(memset.o)
                0x00000000000088ea                memset
 .text.free     0x00000000000088f2       0x2c /Applications/MCUXpressoIDE_11.0.1_2563/ide/plugins/com.nxp.mcuxpresso.tools.macosx_11.0.1.201907311258/tools/bin/../lib/gcc/arm-none-eabi/8.2.1/../../../../arm-none-eabi/lib/thumb/v6-m/nofp/libcr_c.a(alloc.o)
                0x00000000000088f2                free
 .text.fp_round
                0x000000000000891e       0x4a /Applications/MCUXpressoIDE_11.0.1_2563/ide/plugins/com.nxp.mcuxpresso.tools.macosx_11.0.1.201907311258/tools/bin/../lib/gcc/arm-none-eabi/8.2.1/../../../../arm-none-eabi/lib/thumb/v6-m/nofp/libcr_c.a(fpprintf.o)
 .text.pr_dec.constprop.1
                0x0000000000008968       0x30 /Applications/MCUXpressoIDE_11.0.1_2563/ide/plugins/com.nxp.mcuxpresso.tools.macosx_11.0.1.201907311258/tools/bin/../lib/gcc/arm-none-eabi/8.2.1/../../../../arm-none-eabi/lib/thumb/v6-m/nofp/libcr_c.a(fpprintf.o)
 .text.fputs    0x0000000000008998       0x2e /Applications/MCUXpressoIDE_11.0.1_2563/ide/plugins/com.nxp.mcuxpresso.tools.macosx_11.0.1.201907311258/tools/bin/../lib/gcc/arm-none-eabi/8.2.1/../../../../arm-none-eabi/lib/thumb/v6-m/nofp/libcr_c.a(fputs.o)
                0x0000000000008998                fputs
 .text.sin      0x00000000000089c6       0x36 /Applications/MCUXpressoIDE_11.0.1_2563/ide/plugins/com.nxp.mcuxpresso.tools.macosx_11.0.1.201907311258/tools/bin/../lib/gcc/arm-none-eabi/8.2.1/../../../../arm-none-eabi/lib/thumb/v6-m/nofp/libcr_c.a(sin.o)
                0x00000000000089c6                sin
 .text.fabs     0x00000000000089fc       0x22 /Applications/MCUXpressoIDE_11.0.1_2563/ide/plugins/com.nxp.mcuxpresso.tools.macosx_11.0.1.201907311258/tools/bin/../lib/gcc/arm-none-eabi/8.2.1/../../../../arm-none-eabi/lib/thumb/v6-m/nofp/libcr_c.a(fabs.o)
                0x00000000000089fc                fabs
 .text.remove   0x0000000000008a1e       0x12 /Applications/MCUXpressoIDE_11.0.1_2563/ide/plugins/com.nxp.mcuxpresso.tools.macosx_11.0.1.201907311258/tools/bin/../lib/gcc/arm-none-eabi/8.2.1/../../../../arm-none-eabi/lib/thumb/v6-m/nofp/libcr_c.a(remove.o)
                0x0000000000008a1e                remove
 .text.__aeabi_division_idivmod
                0x0000000000008a30       0x78 /Applications/MCUXpressoIDE_11.0.1_2563/ide/plugins/com.nxp.mcuxpresso.tools.macosx_11.0.1.201907311258/tools/bin/../lib/gcc/arm-none-eabi/8.2.1/thumb/v6-m/nofp/libcr_eabihelpers.a(division_32.o)
                0x0000000000008a30                __aeabi_idiv
                0x0000000000008a30                __aeabi_idivmod
                0x0000000000008a36                __aeabi_uidiv
                0x0000000000008a36                __aeabi_uidivmod
 .text.__aeabi_division_uldivmod
                0x0000000000008aa8       0x5a /Applications/MCUXpressoIDE_11.0.1_2563/ide/plugins/com.nxp.mcuxpresso.tools.macosx_11.0.1.201907311258/tools/bin/../lib/gcc/arm-none-eabi/8.2.1/thumb/v6-m/nofp/libcr_eabihelpers.a(division_64.o)
                0x0000000000008aa8                __aeabi_uldivmod
 .text.__aeabi_division_idiv0
                0x0000000000008b02        0x2 /Applications/MCUXpressoIDE_11.0.1_2563/ide/plugins/com.nxp.mcuxpresso.tools.macosx_11.0.1.201907311258/tools/bin/../lib/gcc/arm-none-eabi/8.2.1/thumb/v6-m/nofp/libcr_eabihelpers.a(division_idiv0.o)
                0x0000000000008b02                __aeabi_idiv0
 .text.__bhs_ui2d
                0x0000000000008b04       0x5e /Applications/MCUXpressoIDE_11.0.1_2563/ide/plugins/com.nxp.mcuxpresso.tools.macosx_11.0.1.201907311258/tools/bin/../lib/gcc/arm-none-eabi/8.2.1/thumb/v6-m/nofp/libcr_eabihelpers.a(double.o)
                0x0000000000008b04                __bhs_ui2d
 .text.__aeabi_i2d
                0x0000000000008b62       0x18 /Applications/MCUXpressoIDE_11.0.1_2563/ide/plugins/com.nxp.mcuxpresso.tools.macosx_11.0.1.201907311258/tools/bin/../lib/gcc/arm-none-eabi/8.2.1/thumb/v6-m/nofp/libcr_eabihelpers.a(double.o)
                0x0000000000008b62                __aeabi_i2d
 .text.__aeabi_ui2d
                0x0000000000008b7a        0xc /Applications/MCUXpressoIDE_11.0.1_2563/ide/plugins/com.nxp.mcuxpresso.tools.macosx_11.0.1.201907311258/tools/bin/../lib/gcc/arm-none-eabi/8.2.1/thumb/v6-m/nofp/libcr_eabihelpers.a(double.o)
                0x0000000000008b7a                __aeabi_ui2d
 .text.__aeabi_l2d
                0x0000000000008b86       0x22 /Applications/MCUXpressoIDE_11.0.1_2563/ide/plugins/com.nxp.mcuxpresso.tools.macosx_11.0.1.201907311258/tools/bin/../lib/gcc/arm-none-eabi/8.2.1/thumb/v6-m/nofp/libcr_eabihelpers.a(double.o)
                0x0000000000008b86                __aeabi_l2d
 .text.__aeabi_ul2d
                0x0000000000008ba8        0xc /Applications/MCUXpressoIDE_11.0.1_2563/ide/plugins/com.nxp.mcuxpresso.tools.macosx_11.0.1.201907311258/tools/bin/../lib/gcc/arm-none-eabi/8.2.1/thumb/v6-m/nofp/libcr_eabihelpers.a(double.o)
                0x0000000000008ba8                __aeabi_ul2d
 .text.__aeabi_f2ulz
                0x0000000000008bb4       0x3e /Applications/MCUXpressoIDE_11.0.1_2563/ide/plugins/com.nxp.mcuxpresso.tools.macosx_11.0.1.201907311258/tools/bin/../lib/gcc/arm-none-eabi/8.2.1/thumb/v6-m/nofp/libcr_eabihelpers.a(float.o)
                0x0000000000008bb4                __aeabi_f2ulz
 .text.__bhs_ui2f
                0x0000000000008bf2       0x62 /Applications/MCUXpressoIDE_11.0.1_2563/ide/plugins/com.nxp.mcuxpresso.tools.macosx_11.0.1.201907311258/tools/bin/../lib/gcc/arm-none-eabi/8.2.1/thumb/v6-m/nofp/libcr_eabihelpers.a(float.o)
                0x0000000000008bf2                __bhs_ui2f
 .text.__bhs_ul2f
                0x0000000000008c54       0x80 /Applications/MCUXpressoIDE_11.0.1_2563/ide/plugins/com.nxp.mcuxpresso.tools.macosx_11.0.1.201907311258/tools/bin/../lib/gcc/arm-none-eabi/8.2.1/thumb/v6-m/nofp/libcr_eabihelpers.a(float.o)
                0x0000000000008c54                __bhs_ul2f
 .text.__aeabi_i2f
                0x0000000000008cd4       0x18 /Applications/MCUXpressoIDE_11.0.1_2563/ide/plugins/com.nxp.mcuxpresso.tools.macosx_11.0.1.201907311258/tools/bin/../lib/gcc/arm-none-eabi/8.2.1/thumb/v6-m/nofp/libcr_eabihelpers.a(float.o)
                0x0000000000008cd4                __aeabi_i2f
 .text.__aeabi_ul2f
                0x0000000000008cec        0xc /Applications/MCUXpressoIDE_11.0.1_2563/ide/plugins/com.nxp.mcuxpresso.tools.macosx_11.0.1.201907311258/tools/bin/../lib/gcc/arm-none-eabi/8.2.1/thumb/v6-m/nofp/libcr_eabihelpers.a(float.o)
                0x0000000000008cec                __aeabi_ul2f
 .text.__aeabi_fcmplt
                0x0000000000008cf8       0x44 /Applications/MCUXpressoIDE_11.0.1_2563/ide/plugins/com.nxp.mcuxpresso.tools.macosx_11.0.1.201907311258/tools/bin/../lib/gcc/arm-none-eabi/8.2.1/thumb/v6-m/nofp/libcr_eabihelpers.a(float.o)
                0x0000000000008cf8                __aeabi_fcmplt
 .text.__aeabi_fcmpgt
                0x0000000000008d3c       0x3e /Applications/MCUXpressoIDE_11.0.1_2563/ide/plugins/com.nxp.mcuxpresso.tools.macosx_11.0.1.201907311258/tools/bin/../lib/gcc/arm-none-eabi/8.2.1/thumb/v6-m/nofp/libcr_eabihelpers.a(float.o)
                0x0000000000008d3c                __aeabi_fcmpgt
 .text.__aeabi_llong_lmul
                0x0000000000008d7a       0x2e /Applications/MCUXpressoIDE_11.0.1_2563/ide/plugins/com.nxp.mcuxpresso.tools.macosx_11.0.1.201907311258/tools/bin/../lib/gcc/arm-none-eabi/8.2.1/thumb/v6-m/nofp/libcr_eabihelpers.a(llong.o)
                0x0000000000008d7a                __aeabi_lmul
 .text.__aeabi_memcpy
                0x0000000000008da8       0x2c /Applications/MCUXpressoIDE_11.0.1_2563/ide/plugins/com.nxp.mcuxpresso.tools.macosx_11.0.1.201907311258/tools/bin/../lib/gcc/arm-none-eabi/8.2.1/thumb/v6-m/nofp/libcr_eabihelpers.a(memcpy.o)
                0x0000000000008da8                __aeabi_memcpy
                0x0000000000008da8                __aeabi_memcpy4
                0x0000000000008da8                __aeabi_memcpy8
 .text.__aeabi_memset_lowlevel
                0x0000000000008dd4       0x2a /Applications/MCUXpressoIDE_11.0.1_2563/ide/plugins/com.nxp.mcuxpresso.tools.macosx_11.0.1.201907311258/tools/bin/../lib/gcc/arm-none-eabi/8.2.1/thumb/v6-m/nofp/libcr_eabihelpers.a(memcpy.o)
                0x0000000000008dd4                __aeabi_lowlevel_memset
 .text.__sys_close
                0x0000000000008dfe        0xc /Applications/MCUXpressoIDE_11.0.1_2563/ide/plugins/com.nxp.mcuxpresso.tools.macosx_11.0.1.201907311258/tools/bin/../lib/gcc/arm-none-eabi/8.2.1/../../../../arm-none-eabi/lib/thumb/v6-m/nofp/libcr_semihost_nf.a(__sys_close.o)
                0x0000000000008dfe                __sys_close
 .text.__sys_flen
                0x0000000000008e0a        0xc /Applications/MCUXpressoIDE_11.0.1_2563/ide/plugins/com.nxp.mcuxpresso.tools.macosx_11.0.1.201907311258/tools/bin/../lib/gcc/arm-none-eabi/8.2.1/../../../../arm-none-eabi/lib/thumb/v6-m/nofp/libcr_semihost_nf.a(__sys_flen.o)
                0x0000000000008e0a                __sys_flen
 .text.__sys_istty
                0x0000000000008e16        0xc /Applications/MCUXpressoIDE_11.0.1_2563/ide/plugins/com.nxp.mcuxpresso.tools.macosx_11.0.1.201907311258/tools/bin/../lib/gcc/arm-none-eabi/8.2.1/../../../../arm-none-eabi/lib/thumb/v6-m/nofp/libcr_semihost_nf.a(__sys_istty.o)
                0x0000000000008e16                __sys_istty
 .text.__sys_remove
                0x0000000000008e22        0xc /Applications/MCUXpressoIDE_11.0.1_2563/ide/plugins/com.nxp.mcuxpresso.tools.macosx_11.0.1.201907311258/tools/bin/../lib/gcc/arm-none-eabi/8.2.1/../../../../arm-none-eabi/lib/thumb/v6-m/nofp/libcr_semihost_nf.a(__sys_remove.o)
                0x0000000000008e22                __sys_remove
 .text.__sys_seek
                0x0000000000008e2e        0xc /Applications/MCUXpressoIDE_11.0.1_2563/ide/plugins/com.nxp.mcuxpresso.tools.macosx_11.0.1.201907311258/tools/bin/../lib/gcc/arm-none-eabi/8.2.1/../../../../arm-none-eabi/lib/thumb/v6-m/nofp/libcr_semihost_nf.a(__sys_seek.o)
                0x0000000000008e2e                __sys_seek
 .text.__sys_tmpnam
                0x0000000000008e3a        0xc /Applications/MCUXpressoIDE_11.0.1_2563/ide/plugins/com.nxp.mcuxpresso.tools.macosx_11.0.1.201907311258/tools/bin/../lib/gcc/arm-none-eabi/8.2.1/../../../../arm-none-eabi/lib/thumb/v6-m/nofp/libcr_semihost_nf.a(__sys_tmpnam.o)
                0x0000000000008e3a                __sys_tmpnam
 .text.__sys_write
                0x0000000000008e46        0xc /Applications/MCUXpressoIDE_11.0.1_2563/ide/plugins/com.nxp.mcuxpresso.tools.macosx_11.0.1.201907311258/tools/bin/../lib/gcc/arm-none-eabi/8.2.1/../../../../arm-none-eabi/lib/thumb/v6-m/nofp/libcr_semihost_nf.a(__sys_write.o)
                0x0000000000008e46                __sys_write
 *(SORT_BY_ALIGNMENT(.rodata) SORT_BY_ALIGNMENT(.rodata.*) SORT_BY_ALIGNMENT(.constdata) SORT_BY_ALIGNMENT(.constdata.*))
 *fill*         0x0000000000008e52        0x2 ff
 .rodata        0x0000000000008e54      0x1dd ./source/circular_buffer.o
 *fill*         0x0000000000009031        0x3 ff
 .rodata        0x0000000000009034       0x38 ./source/dac_adc.o
 .rodata        0x000000000000906c       0x1e ./source/dma.o
 *fill*         0x000000000000908a        0x2 ff
 .rodata.__func__.5009
                0x000000000000908c        0x9 ./source/dma.o
 *fill*         0x0000000000009095        0x3 ff
 .rodata.__func__.5016
                0x0000000000009098        0xd ./source/dma.o
 *fill*         0x00000000000090a5        0x3 ff
 .rodata        0x00000000000090a8       0x9e ./source/logger.o
 *fill*         0x0000000000009146        0x2 ff
 .rodata        0x0000000000009148       0xd2 ./source/sine.o
 *fill*         0x000000000000921a        0x2 ff
 .rodata.__func__.4055
                0x000000000000921c        0xa ./source/sine.o
 *fill*         0x0000000000009226        0x2 ff
 .rodata        0x0000000000009228      0x2b2 ./source/tasks.o
 *fill*         0x00000000000094da        0x2 ff
 .rodata.__func__.4496
                0x00000000000094dc       0x11 ./source/tasks.o
 *fill*         0x00000000000094ed        0x3 ff
 .rodata.__func__.4521
                0x00000000000094f0        0xd ./source/tasks.o
 *fill*         0x00000000000094fd        0x3 ff
 .rodata.__func__.4524
                0x0000000000009500        0xd ./source/tasks.o
 *fill*         0x000000000000950d        0x3 ff
 .rodata.__func__.4527
                0x0000000000009510        0xb ./source/tasks.o
 *fill*         0x000000000000951b        0x1 ff
 .rodata.__func__.4533
                0x000000000000951c       0x10 ./source/tasks.o
 .rodata.__func__.4538
                0x000000000000952c        0xf ./source/tasks.o
 *fill*         0x000000000000953b        0x1 ff
 .rodata        0x000000000000953c        0xb ./source/time.o
 *fill*         0x0000000000009547        0x1 ff
 .rodata        0x0000000000009548       0x18 ./freertos/tasks.o
                0x0000000000009550                FreeRTOSDebugConfig
 .rodata        0x0000000000009560        0xd ./freertos/timers.o
 *fill*         0x000000000000956d        0x3 ff
 .rodata.prvProcessReceivedCommands
                0x0000000000009570       0x28 ./freertos/timers.o
 .rodata        0x0000000000009598      0x13a ./drivers/fsl_adc16.o
 *fill*         0x00000000000096d2        0x2 ff
 .rodata        0x00000000000096d4      0x11d ./drivers/fsl_clock.o
 *fill*         0x00000000000097f1        0x3 ff
 .rodata.fllFactorTable.5230
                0x00000000000097f4       0x10 ./drivers/fsl_clock.o
 .rodata        0x0000000000009804      0x152 ./drivers/fsl_dac.o
 *fill*         0x0000000000009956        0x2 ff
 .rodata        0x0000000000009958      0x48c ./drivers/fsl_lpsci.o
 .rodata.s_uartBases
                0x0000000000009de4        0xc ./drivers/fsl_uart.o
 .rodata.s_uartClock
                0x0000000000009df0        0xc ./drivers/fsl_uart.o
 .rodata        0x0000000000009dfc      0x45b ./drivers/fsl_uart.o
 *fill*         0x000000000000a257        0x1 ff
 .rodata.mcgConfig_BOARD_BootClockRUN
                0x000000000000a258        0xa ./board/clock_config.o
                0x000000000000a258                mcgConfig_BOARD_BootClockRUN
 *fill*         0x000000000000a262        0x2 ff
 .rodata.simConfig_BOARD_BootClockRUN
                0x000000000000a264        0x8 ./board/clock_config.o
                0x000000000000a264                simConfig_BOARD_BootClockRUN
 .rodata.oscConfig_BOARD_BootClockRUN
                0x000000000000a26c        0x8 ./board/clock_config.o
                0x000000000000a26c                oscConfig_BOARD_BootClockRUN
 .rodata.__num_Ciob_streams
                0x000000000000a274        0x4 /Applications/MCUXpressoIDE_11.0.1_2563/ide/plugins/com.nxp.mcuxpresso.tools.macosx_11.0.1.201907311258/tools/bin/../lib/gcc/arm-none-eabi/8.2.1/../../../../arm-none-eabi/lib/thumb/v6-m/nofp/libcr_semihost_nf.a(__ciob.o)
                0x000000000000a274                __num_Ciob_streams
 .rodata.__assertion_failed.str1.1
                0x000000000000a278       0x15 /Applications/MCUXpressoIDE_11.0.1_2563/ide/plugins/com.nxp.mcuxpresso.tools.macosx_11.0.1.201907311258/tools/bin/../lib/gcc/arm-none-eabi/8.2.1/../../../../arm-none-eabi/lib/thumb/v6-m/nofp/libcr_semihost_nf.a(_cr_assert.o)
 .rodata._Csys_alloc.str1.1
                0x000000000000a28d       0x18 /Applications/MCUXpressoIDE_11.0.1_2563/ide/plugins/com.nxp.mcuxpresso.tools.macosx_11.0.1.201907311258/tools/bin/../lib/gcc/arm-none-eabi/8.2.1/../../../../arm-none-eabi/lib/thumb/v6-m/nofp/libcr_c.a(alloc.o)
 .rodata.fp_display.str1.1
                0x000000000000a2a5       0x32 /Applications/MCUXpressoIDE_11.0.1_2563/ide/plugins/com.nxp.mcuxpresso.tools.macosx_11.0.1.201907311258/tools/bin/../lib/gcc/arm-none-eabi/8.2.1/../../../../arm-none-eabi/lib/thumb/v6-m/nofp/libcr_c.a(fpprintf.o)
                                         0x35 (size before relaxing)
 .rodata._initio.str1.1
                0x000000000000a2d7        0x4 /Applications/MCUXpressoIDE_11.0.1_2563/ide/plugins/com.nxp.mcuxpresso.tools.macosx_11.0.1.201907311258/tools/bin/../lib/gcc/arm-none-eabi/8.2.1/../../../../arm-none-eabi/lib/thumb/v6-m/nofp/libcr_c.a(initio.o)
 .rodata.__vfprintf.str1.1
                0x000000000000a2db       0x31 /Applications/MCUXpressoIDE_11.0.1_2563/ide/plugins/com.nxp.mcuxpresso.tools.macosx_11.0.1.201907311258/tools/bin/../lib/gcc/arm-none-eabi/8.2.1/../../../../arm-none-eabi/lib/thumb/v6-m/nofp/libcr_c.a(printf.o)
                                         0x38 (size before relaxing)
                0x000000000000a30c                . = ALIGN (0x4)

.glue_7         0x000000000000a30c        0x0
 .glue_7        0x000000000000a30c        0x0 linker stubs

.glue_7t        0x000000000000a30c        0x0
 .glue_7t       0x000000000000a30c        0x0 linker stubs

.vfp11_veneer   0x000000000000a30c        0x0
 .vfp11_veneer  0x000000000000a30c        0x0 linker stubs

.v4_bx          0x000000000000a30c        0x0
 .v4_bx         0x000000000000a30c        0x0 linker stubs

.iplt           0x000000000000a30c        0x0
 .iplt          0x000000000000a30c        0x0 ./utilities/fsl_debug_console.o

.rel.dyn        0x000000000000a30c        0x0
 .rel.iplt      0x000000000000a30c        0x0 ./utilities/fsl_debug_console.o

.ARM.extab
 *(SORT_BY_ALIGNMENT(.ARM.extab*) SORT_BY_ALIGNMENT(.gnu.linkonce.armextab.*))
                0x000000000000a30c                __exidx_start = .

.ARM.exidx
 *(SORT_BY_ALIGNMENT(.ARM.exidx*) SORT_BY_ALIGNMENT(.gnu.linkonce.armexidx.*))
                0x000000000000a30c                __exidx_end = .
                0x000000000000a30c                _etext = .

.m_usb_data
 *(SORT_BY_ALIGNMENT(m_usb_bdt))

.mtb_buffer_default
                0x000000001ffff000       0x80
 *(SORT_BY_ALIGNMENT(.mtb*))
 .mtb.$RAM1     0x000000001ffff000       0x80 ./source/mtb.o
                0x000000001ffff000                __mtb_buffer__

.uninit_RESERVED
                0x000000001ffff080        0x0
                0x000000001ffff080                . = ALIGN (0x4)
 *(SORT_BY_ALIGNMENT(.bss.$RESERVED*))
                0x000000001ffff080                . = ALIGN (0x4)
                0x000000001ffff080                _end_uninit_RESERVED = .

.data           0x000000001ffff080       0x48 load address 0x000000000000a30c
 FILL mask 0xff
                0x000000001ffff080                _data = .
 *(SORT_BY_ALIGNMENT(vtable))
 *(SORT_BY_ALIGNMENT(.ramfunc*))
 *(SORT_BY_ALIGNMENT(CodeQuickAccess))
 *(SORT_BY_ALIGNMENT(DataQuickAccess))
 *(SORT_BY_ALIGNMENT(RamFunction))
 *(SORT_BY_ALIGNMENT(.data*))
 .data.sLogSeverityStrings
                0x000000001ffff080        0xc ./source/logger.o
 .data.sLogModuleStrings
                0x000000001ffff08c       0x28 ./source/logger.o
 .data.sMinVoltage.4502
                0x000000001ffff0b4        0x4 ./source/tasks.o
 .data.uxCriticalNesting
                0x000000001ffff0b8        0x4 ./freertos/port.o
 .data.s_slowIrcFreq
                0x000000001ffff0bc        0x4 ./drivers/fsl_clock.o
 .data.SystemCoreClock
                0x000000001ffff0c0        0x4 ./CMSIS/system_MKL25Z4.o
                0x000000001ffff0c0                SystemCoreClock
 .data.sLogSeverity
                0x000000001ffff0c4        0x1 ./source/logger.o
                0x000000001ffff0c8                . = ALIGN (0x4)
 *fill*         0x000000001ffff0c5        0x3 ff
                0x000000001ffff0c8                _edata = .

.igot.plt       0x000000001ffff0c8        0x0 load address 0x000000000000a354
 .igot.plt      0x000000001ffff0c8        0x0 ./utilities/fsl_debug_console.o

.bss            0x000000001ffff0c8     0x2fb8 load address 0x000000000000a354
                0x000000001ffff0c8                . = ALIGN (0x4)
                0x000000001ffff0c8                _bss = .
 *(SORT_BY_ALIGNMENT(.bss*))
 .bss.sLastDMAStart
                0x000000001ffff0c8        0x8 ./source/tasks.o
 .bss.sLastDMAFinish
                0x000000001ffff0d0        0x8 ./source/tasks.o
 .bss.gSystemTime
                0x000000001ffff0d8        0x8 ./source/time.o
 .bss.s_debugConsole
                0x000000001ffff0e0       0x10 ./utilities/fsl_debug_console.o
 .bss.memListHead
                0x000000001ffff0f0        0xc ./source/circular_buffer.o
 .bss.g_Adc16ConversionValue
                0x000000001ffff0fc        0x4 ./source/dac_adc.o
                0x000000001ffff0fc                g_Adc16ConversionValue
 .bss.sAdc16ConfigStruct
                0x000000001ffff100        0x9 ./source/dac_adc.o
 *fill*         0x000000001ffff109        0x3 
 .bss.sAdc16ChannelConfigStruct
                0x000000001ffff10c        0x8 ./source/dac_adc.o
 .bss.sCurrentCallback
                0x000000001ffff114        0x4 ./source/dma.o
 .bss.format_buf.4817
                0x000000001ffff118      0x1f4 ./source/logger.o
 .bss.format_buf.4832
                0x000000001ffff30c      0x1f4 ./source/logger.o
 .bss.sSineLookup
                0x000000001ffff500       0xc8 ./source/sine.o
 .bss.sNextSample.4062
                0x000000001ffff5c8        0x4 ./source/sine.o
 .bss.writeTimerHandle
                0x000000001ffff5cc        0x4 ./source/tasks.o
 .bss.readTimerHandle
                0x000000001ffff5d0        0x4 ./source/tasks.o
 .bss.sBuffers  0x000000001ffff5d4        0x8 ./source/tasks.o
                0x000000001ffff5d4                sBuffers
 .bss.sNumVoltagesRecorded.4505
                0x000000001ffff5dc        0x4 ./source/tasks.o
 .bss.sMaxVoltage.4501
                0x000000001ffff5e0        0x4 ./source/tasks.o
 .bss.sVoltagesCumulative.4504
                0x000000001ffff5e4        0x4 ./source/tasks.o
 .bss.sAverageVoltage.4503
                0x000000001ffff5e8        0x4 ./source/tasks.o
 .bss.sVarianceSum.4506
                0x000000001ffff5ec        0x4 ./source/tasks.o
 .bss.sVariance.4507
                0x000000001ffff5f0        0x4 ./source/tasks.o
 .bss.sStDeviationVoltage.4508
                0x000000001ffff5f4        0x4 ./source/tasks.o
 .bss.ledVal.4531
                0x000000001ffff5f8        0x4 ./source/tasks.o
 .bss.sTxBuffer
                0x000000001ffff5fc        0x4 ./source/uart.o
 .bss.sRxBuffer
                0x000000001ffff600        0x4 ./source/uart.o
 .bss.ucHeap    0x000000001ffff604     0x2800 ./freertos/heap_4.o
 .bss.xStart    0x0000000020001e04        0x8 ./freertos/heap_4.o
 .bss.pxEnd     0x0000000020001e0c        0x4 ./freertos/heap_4.o
 .bss.xFreeBytesRemaining
                0x0000000020001e10        0x4 ./freertos/heap_4.o
 .bss.xMinimumEverFreeBytesRemaining
                0x0000000020001e14        0x4 ./freertos/heap_4.o
 .bss.xBlockAllocatedBit
                0x0000000020001e18        0x4 ./freertos/heap_4.o
 .bss.xQueueRegistry
                0x0000000020001e1c       0x40 ./freertos/queue.o
                0x0000000020001e1c                xQueueRegistry
 .bss.pxCurrentTCB
                0x0000000020001e5c        0x4 ./freertos/tasks.o
                0x0000000020001e5c                pxCurrentTCB
 .bss.pxReadyTasksLists
                0x0000000020001e60       0x64 ./freertos/tasks.o
 .bss.xDelayedTaskList1
                0x0000000020001ec4       0x14 ./freertos/tasks.o
 .bss.xDelayedTaskList2
                0x0000000020001ed8       0x14 ./freertos/tasks.o
 .bss.pxDelayedTaskList
                0x0000000020001eec        0x4 ./freertos/tasks.o
 .bss.pxOverflowDelayedTaskList
                0x0000000020001ef0        0x4 ./freertos/tasks.o
 .bss.xPendingReadyList
                0x0000000020001ef4       0x14 ./freertos/tasks.o
 .bss.xTasksWaitingTermination
                0x0000000020001f08       0x14 ./freertos/tasks.o
 .bss.uxDeletedTasksWaitingCleanUp
                0x0000000020001f1c        0x4 ./freertos/tasks.o
 .bss.xSuspendedTaskList
                0x0000000020001f20       0x14 ./freertos/tasks.o
 .bss.uxCurrentNumberOfTasks
                0x0000000020001f34        0x4 ./freertos/tasks.o
 .bss.xTickCount
                0x0000000020001f38        0x4 ./freertos/tasks.o
 .bss.uxTopReadyPriority
                0x0000000020001f3c        0x4 ./freertos/tasks.o
 .bss.xSchedulerRunning
                0x0000000020001f40        0x4 ./freertos/tasks.o
 .bss.uxPendedTicks
                0x0000000020001f44        0x4 ./freertos/tasks.o
 .bss.xYieldPending
                0x0000000020001f48        0x4 ./freertos/tasks.o
 .bss.xNumOfOverflows
                0x0000000020001f4c        0x4 ./freertos/tasks.o
 .bss.uxTaskNumber
                0x0000000020001f50        0x4 ./freertos/tasks.o
 .bss.xNextTaskUnblockTime
                0x0000000020001f54        0x4 ./freertos/tasks.o
 .bss.xIdleTaskHandle
                0x0000000020001f58        0x4 ./freertos/tasks.o
 .bss.uxSchedulerSuspended
                0x0000000020001f5c        0x4 ./freertos/tasks.o
 .bss.xActiveTimerList1
                0x0000000020001f60       0x14 ./freertos/timers.o
 .bss.xActiveTimerList2
                0x0000000020001f74       0x14 ./freertos/timers.o
 .bss.pxCurrentTimerList
                0x0000000020001f88        0x4 ./freertos/timers.o
 .bss.pxOverflowTimerList
                0x0000000020001f8c        0x4 ./freertos/timers.o
 .bss.xTimerQueue
                0x0000000020001f90        0x4 ./freertos/timers.o
 .bss.xTimerTaskHandle
                0x0000000020001f94        0x4 ./freertos/timers.o
 .bss.xLastTime.4576
                0x0000000020001f98        0x4 ./freertos/timers.o
 .bss.g_xtal0Freq
                0x0000000020001f9c        0x4 ./drivers/fsl_clock.o
                0x0000000020001f9c                g_xtal0Freq
 .bss.s_lpsciHandle
                0x0000000020001fa0        0x4 ./drivers/fsl_lpsci.o
 .bss.s_lpsciIsr
                0x0000000020001fa4        0x4 ./drivers/fsl_lpsci.o
 .bss.s_uartHandle
                0x0000000020001fa8        0xc ./drivers/fsl_uart.o
 .bss.s_uartIsr
                0x0000000020001fb4        0x4 ./drivers/fsl_uart.o
 .bss.__Ciob    0x0000000020001fb8       0xb4 /Applications/MCUXpressoIDE_11.0.1_2563/ide/plugins/com.nxp.mcuxpresso.tools.macosx_11.0.1.201907311258/tools/bin/../lib/gcc/arm-none-eabi/8.2.1/../../../../arm-none-eabi/lib/thumb/v6-m/nofp/libcr_semihost_nf.a(__ciob.o)
                0x0000000020001fb8                __Ciob
 .bss.__end_of_heap
                0x000000002000206c        0x4 /Applications/MCUXpressoIDE_11.0.1_2563/ide/plugins/com.nxp.mcuxpresso.tools.macosx_11.0.1.201907311258/tools/bin/../lib/gcc/arm-none-eabi/8.2.1/../../../../arm-none-eabi/lib/thumb/v6-m/nofp/libcr_c.a(__init_alloc.o)
                0x000000002000206c                __end_of_heap
 .bss.__heaps   0x0000000020002070        0x4 /Applications/MCUXpressoIDE_11.0.1_2563/ide/plugins/com.nxp.mcuxpresso.tools.macosx_11.0.1.201907311258/tools/bin/../lib/gcc/arm-none-eabi/8.2.1/../../../../arm-none-eabi/lib/thumb/v6-m/nofp/libcr_c.a(__init_alloc.o)
                0x0000000020002070                __heaps
 .bss.errno     0x0000000020002074        0x4 /Applications/MCUXpressoIDE_11.0.1_2563/ide/plugins/com.nxp.mcuxpresso.tools.macosx_11.0.1.201907311258/tools/bin/../lib/gcc/arm-none-eabi/8.2.1/../../../../arm-none-eabi/lib/thumb/v6-m/nofp/libcr_c.a(errno.o)
                0x0000000020002074                errno
 .bss.g_Adc16ConversionDoneFlag
                0x0000000020002078        0x1 ./source/dac_adc.o
                0x0000000020002078                g_Adc16ConversionDoneFlag
 .bss.g_DMADoneFlag
                0x0000000020002079        0x1 ./source/dma.o
                0x0000000020002079                g_DMADoneFlag
 .bss.gLedReady
                0x000000002000207a        0x1 ./source/handle_led.o
 .bss.sLoggingEnabled
                0x000000002000207b        0x1 ./source/logger.o
 .bss.sRunNumber.4500
                0x000000002000207c        0x1 ./source/tasks.o
 *(SORT_BY_ALIGNMENT(COMMON))
                0x0000000020002080                . = ALIGN (0x4)
 *fill*         0x000000002000207d        0x3 
                0x0000000020002080                _ebss = .
                [!provide]                        PROVIDE (end = .)

.noinit         0x0000000020002080        0x0 load address 0x000000000000a354
                0x0000000020002080                . = ALIGN (0x4)
                0x0000000020002080                _noinit = .
 *(SORT_BY_ALIGNMENT(.noinit*))
                0x0000000020002080                . = ALIGN (0x4)
                0x0000000020002080                _end_noinit = .
                0x0000000000000400                _HeapSize = 0x400

.heap           0x0000000020002080      0x400 load address 0x000000000000a354
                0x0000000020002080                _pvHeapStart = .
                0x0000000020002480                . = (. + _HeapSize)
 *fill*         0x0000000020002080      0x400 
                0x0000000020002480                . = ALIGN (0x4)
                0x0000000020002480                _pvHeapLimit = .
                0x0000000000000400                _StackSize = 0x400

.heap2stackfill
                0x0000000020002480      0x400 load address 0x000000000000a354
                0x0000000020002880                . = (. + _StackSize)
 *fill*         0x0000000020002480      0x400 

.stack          0x0000000020002c00        0x0
                0x0000000020002c00                _vStackBase = .
                0x0000000020002c00                . = ALIGN (0x4)
                0x0000000020003000                _vStackTop = (. + _StackSize)
                0x0000000000000000                _image_start = LOADADDR (.text)
                0x000000000000a354                _image_end = (LOADADDR (.data) + SIZEOF (.data))
                0x000000000000a354                _image_size = (_image_end - _image_start)
OUTPUT(pes_project_6.axf elf32-littlearm)

.debug_info     0x0000000000000000    0x1031c
 .debug_info    0x0000000000000000      0x9b1 ./utilities/fsl_debug_console.o
 .debug_info    0x00000000000009b1      0x4db ./startup/startup_mkl25z4.o
 .debug_info    0x0000000000000e8c      0x516 ./source/circular_buffer.o
 .debug_info    0x00000000000013a2      0xbe4 ./source/dac_adc.o
 .debug_info    0x0000000000001f86      0x577 ./source/dma.o
 .debug_info    0x00000000000024fd      0x283 ./source/handle_led.o
 .debug_info    0x0000000000002780      0x5e9 ./source/logger.o
 .debug_info    0x0000000000002d69      0x518 ./source/main.o
 .debug_info    0x0000000000003281       0x4f ./source/mtb.o
 .debug_info    0x00000000000032d0      0x142 ./source/post.o
 .debug_info    0x0000000000003412       0x38 ./source/semihost_hardfault.o
 .debug_info    0x000000000000344a      0x976 ./source/setup_teardown.o
 .debug_info    0x0000000000003dc0      0x2a6 ./source/sine.o
 .debug_info    0x0000000000004066      0x619 ./source/tasks.o
 .debug_info    0x000000000000467f      0x1ac ./source/time.o
 .debug_info    0x000000000000482b      0x914 ./source/uart.o
 .debug_info    0x000000000000513f       0xe8 ./freertos/fsl_tickless_lptmr.o
 .debug_info    0x0000000000005227      0x330 ./freertos/heap_4.o
 .debug_info    0x0000000000005557      0x2e7 ./freertos/list.o
 .debug_info    0x000000000000583e      0x276 ./freertos/port.o
 .debug_info    0x0000000000005ab4      0xef7 ./freertos/queue.o
 .debug_info    0x00000000000069ab     0x18e2 ./freertos/tasks.o
 .debug_info    0x000000000000828d      0xb8e ./freertos/timers.o
 .debug_info    0x0000000000008e1b      0xc9a ./drivers/fsl_adc16.o
 .debug_info    0x0000000000009ab5     0x1a93 ./drivers/fsl_clock.o
 .debug_info    0x000000000000b548      0x8b6 ./drivers/fsl_dac.o
 .debug_info    0x000000000000bdfe     0x1465 ./drivers/fsl_lpsci.o
 .debug_info    0x000000000000d263     0x1406 ./drivers/fsl_uart.o
 .debug_info    0x000000000000e669      0x807 ./board/board.o
 .debug_info    0x000000000000ee70      0xaea ./board/clock_config.o
 .debug_info    0x000000000000f95a      0x58d ./board/pin_mux.o
 .debug_info    0x000000000000fee7      0x435 ./CMSIS/system_MKL25Z4.o

.debug_abbrev   0x0000000000000000     0x3873
 .debug_abbrev  0x0000000000000000      0x218 ./utilities/fsl_debug_console.o
 .debug_abbrev  0x0000000000000218      0x18a ./startup/startup_mkl25z4.o
 .debug_abbrev  0x00000000000003a2      0x1a0 ./source/circular_buffer.o
 .debug_abbrev  0x0000000000000542      0x252 ./source/dac_adc.o
 .debug_abbrev  0x0000000000000794      0x1de ./source/dma.o
 .debug_abbrev  0x0000000000000972      0x151 ./source/handle_led.o
 .debug_abbrev  0x0000000000000ac3      0x1e1 ./source/logger.o
 .debug_abbrev  0x0000000000000ca4      0x12b ./source/main.o
 .debug_abbrev  0x0000000000000dcf       0x43 ./source/mtb.o
 .debug_abbrev  0x0000000000000e12       0xdf ./source/post.o
 .debug_abbrev  0x0000000000000ef1       0x2e ./source/semihost_hardfault.o
 .debug_abbrev  0x0000000000000f1f      0x1a4 ./source/setup_teardown.o
 .debug_abbrev  0x00000000000010c3      0x14f ./source/sine.o
 .debug_abbrev  0x0000000000001212      0x18b ./source/tasks.o
 .debug_abbrev  0x000000000000139d      0x128 ./source/time.o
 .debug_abbrev  0x00000000000014c5      0x26f ./source/uart.o
 .debug_abbrev  0x0000000000001734       0x97 ./freertos/fsl_tickless_lptmr.o
 .debug_abbrev  0x00000000000017cb      0x1a4 ./freertos/heap_4.o
 .debug_abbrev  0x000000000000196f      0x123 ./freertos/list.o
 .debug_abbrev  0x0000000000001a92      0x1b0 ./freertos/port.o
 .debug_abbrev  0x0000000000001c42      0x211 ./freertos/queue.o
 .debug_abbrev  0x0000000000001e53      0x2cd ./freertos/tasks.o
 .debug_abbrev  0x0000000000002120      0x222 ./freertos/timers.o
 .debug_abbrev  0x0000000000002342      0x29f ./drivers/fsl_adc16.o
 .debug_abbrev  0x00000000000025e1      0x36c ./drivers/fsl_clock.o
 .debug_abbrev  0x000000000000294d      0x234 ./drivers/fsl_dac.o
 .debug_abbrev  0x0000000000002b81      0x306 ./drivers/fsl_lpsci.o
 .debug_abbrev  0x0000000000002e87      0x320 ./drivers/fsl_uart.o
 .debug_abbrev  0x00000000000031a7      0x1a4 ./board/board.o
 .debug_abbrev  0x000000000000334b      0x21d ./board/clock_config.o
 .debug_abbrev  0x0000000000003568      0x1b8 ./board/pin_mux.o
 .debug_abbrev  0x0000000000003720      0x153 ./CMSIS/system_MKL25Z4.o

.debug_aranges  0x0000000000000000      0xfe8
 .debug_aranges
                0x0000000000000000       0x48 ./utilities/fsl_debug_console.o
 .debug_aranges
                0x0000000000000048      0x160 ./startup/startup_mkl25z4.o
 .debug_aranges
                0x00000000000001a8       0x80 ./source/circular_buffer.o
 .debug_aranges
                0x0000000000000228       0x58 ./source/dac_adc.o
 .debug_aranges
                0x0000000000000280       0x30 ./source/dma.o
 .debug_aranges
                0x00000000000002b0       0x28 ./source/handle_led.o
 .debug_aranges
                0x00000000000002d8       0x58 ./source/logger.o
 .debug_aranges
                0x0000000000000330       0x20 ./source/main.o
 .debug_aranges
                0x0000000000000350       0x18 ./source/mtb.o
 .debug_aranges
                0x0000000000000368       0x20 ./source/post.o
 .debug_aranges
                0x0000000000000388       0x20 ./source/semihost_hardfault.o
 .debug_aranges
                0x00000000000003a8       0x28 ./source/setup_teardown.o
 .debug_aranges
                0x00000000000003d0       0x30 ./source/sine.o
 .debug_aranges
                0x0000000000000400       0x48 ./source/tasks.o
 .debug_aranges
                0x0000000000000448       0x38 ./source/time.o
 .debug_aranges
                0x0000000000000480       0x68 ./source/uart.o
 .debug_aranges
                0x00000000000004e8       0x20 ./freertos/fsl_tickless_lptmr.o
 .debug_aranges
                0x0000000000000508       0x50 ./freertos/heap_4.o
 .debug_aranges
                0x0000000000000558       0x40 ./freertos/list.o
 .debug_aranges
                0x0000000000000598       0x80 ./freertos/port.o
 .debug_aranges
                0x0000000000000618      0x118 ./freertos/queue.o
 .debug_aranges
                0x0000000000000730      0x1e8 ./freertos/tasks.o
 .debug_aranges
                0x0000000000000918       0xc8 ./freertos/timers.o
 .debug_aranges
                0x00000000000009e0       0x88 ./drivers/fsl_adc16.o
 .debug_aranges
                0x0000000000000a68      0x1d8 ./drivers/fsl_clock.o
 .debug_aranges
                0x0000000000000c40       0x90 ./drivers/fsl_dac.o
 .debug_aranges
                0x0000000000000cd0      0x118 ./drivers/fsl_lpsci.o
 .debug_aranges
                0x0000000000000de8      0x130 ./drivers/fsl_uart.o
 .debug_aranges
                0x0000000000000f18       0x28 ./board/board.o
 .debug_aranges
                0x0000000000000f40       0x50 ./board/clock_config.o
 .debug_aranges
                0x0000000000000f90       0x30 ./board/pin_mux.o
 .debug_aranges
                0x0000000000000fc0       0x28 ./CMSIS/system_MKL25Z4.o

.debug_ranges   0x0000000000000000      0xde0
 .debug_ranges  0x0000000000000000       0x38 ./utilities/fsl_debug_console.o
 .debug_ranges  0x0000000000000038      0x150 ./startup/startup_mkl25z4.o
 .debug_ranges  0x0000000000000188       0x70 ./source/circular_buffer.o
 .debug_ranges  0x00000000000001f8       0x48 ./source/dac_adc.o
 .debug_ranges  0x0000000000000240       0x20 ./source/dma.o
 .debug_ranges  0x0000000000000260       0x18 ./source/handle_led.o
 .debug_ranges  0x0000000000000278       0x48 ./source/logger.o
 .debug_ranges  0x00000000000002c0       0x10 ./source/main.o
 .debug_ranges  0x00000000000002d0       0x10 ./source/post.o
 .debug_ranges  0x00000000000002e0       0x10 ./source/semihost_hardfault.o
 .debug_ranges  0x00000000000002f0       0x18 ./source/setup_teardown.o
 .debug_ranges  0x0000000000000308       0x20 ./source/sine.o
 .debug_ranges  0x0000000000000328       0x38 ./source/tasks.o
 .debug_ranges  0x0000000000000360       0x28 ./source/time.o
 .debug_ranges  0x0000000000000388       0x58 ./source/uart.o
 .debug_ranges  0x00000000000003e0       0x10 ./freertos/fsl_tickless_lptmr.o
 .debug_ranges  0x00000000000003f0       0x40 ./freertos/heap_4.o
 .debug_ranges  0x0000000000000430       0x30 ./freertos/list.o
 .debug_ranges  0x0000000000000460       0x70 ./freertos/port.o
 .debug_ranges  0x00000000000004d0      0x108 ./freertos/queue.o
 .debug_ranges  0x00000000000005d8      0x1d8 ./freertos/tasks.o
 .debug_ranges  0x00000000000007b0       0xb8 ./freertos/timers.o
 .debug_ranges  0x0000000000000868       0x78 ./drivers/fsl_adc16.o
 .debug_ranges  0x00000000000008e0      0x1c8 ./drivers/fsl_clock.o
 .debug_ranges  0x0000000000000aa8       0x80 ./drivers/fsl_dac.o
 .debug_ranges  0x0000000000000b28      0x108 ./drivers/fsl_lpsci.o
 .debug_ranges  0x0000000000000c30      0x120 ./drivers/fsl_uart.o
 .debug_ranges  0x0000000000000d50       0x18 ./board/board.o
 .debug_ranges  0x0000000000000d68       0x40 ./board/clock_config.o
 .debug_ranges  0x0000000000000da8       0x20 ./board/pin_mux.o
 .debug_ranges  0x0000000000000dc8       0x18 ./CMSIS/system_MKL25Z4.o

.debug_line     0x0000000000000000     0x96be
 .debug_line    0x0000000000000000      0x325 ./utilities/fsl_debug_console.o
 .debug_line    0x0000000000000325      0x1e7 ./startup/startup_mkl25z4.o
 .debug_line    0x000000000000050c      0x549 ./source/circular_buffer.o
 .debug_line    0x0000000000000a55      0x2ef ./source/dac_adc.o
 .debug_line    0x0000000000000d44      0x234 ./source/dma.o
 .debug_line    0x0000000000000f78      0x250 ./source/handle_led.o
 .debug_line    0x00000000000011c8      0x2fd ./source/logger.o
 .debug_line    0x00000000000014c5      0x1c6 ./source/main.o
 .debug_line    0x000000000000168b       0x30 ./source/mtb.o
 .debug_line    0x00000000000016bb      0x1a1 ./source/post.o
 .debug_line    0x000000000000185c       0x5a ./source/semihost_hardfault.o
 .debug_line    0x00000000000018b6      0x23b ./source/setup_teardown.o
 .debug_line    0x0000000000001af1      0x20f ./source/sine.o
 .debug_line    0x0000000000001d00      0x355 ./source/tasks.o
 .debug_line    0x0000000000002055      0x201 ./source/time.o
 .debug_line    0x0000000000002256      0x3ed ./source/uart.o
 .debug_line    0x0000000000002643      0x19c ./freertos/fsl_tickless_lptmr.o
 .debug_line    0x00000000000027df      0x3d6 ./freertos/heap_4.o
 .debug_line    0x0000000000002bb5      0x282 ./freertos/list.o
 .debug_line    0x0000000000002e37      0x31d ./freertos/port.o
 .debug_line    0x0000000000003154      0xbed ./freertos/queue.o
 .debug_line    0x0000000000003d41     0x1498 ./freertos/tasks.o
 .debug_line    0x00000000000051d9      0x68b ./freertos/timers.o
 .debug_line    0x0000000000005864      0x568 ./drivers/fsl_adc16.o
 .debug_line    0x0000000000005dcc     0x1214 ./drivers/fsl_clock.o
 .debug_line    0x0000000000006fe0      0x44e ./drivers/fsl_dac.o
 .debug_line    0x000000000000742e      0xc98 ./drivers/fsl_lpsci.o
 .debug_line    0x00000000000080c6      0xc87 ./drivers/fsl_uart.o
 .debug_line    0x0000000000008d4d      0x1f5 ./board/board.o
 .debug_line    0x0000000000008f42      0x2ad ./board/clock_config.o
 .debug_line    0x00000000000091ef      0x217 ./board/pin_mux.o
 .debug_line    0x0000000000009406      0x2b8 ./CMSIS/system_MKL25Z4.o

.debug_str      0x0000000000000000     0x68ee
 .debug_str     0x0000000000000000      0xaf9 ./utilities/fsl_debug_console.o
                                        0xb6a (size before relaxing)
 .debug_str     0x0000000000000af9      0x394 ./startup/startup_mkl25z4.o
                                        0x4e6 (size before relaxing)
 .debug_str     0x0000000000000e8d      0x20f ./source/circular_buffer.o
                                        0x428 (size before relaxing)
 .debug_str     0x000000000000109c      0xa7c ./source/dac_adc.o
                                       0x1165 (size before relaxing)
 .debug_str     0x0000000000001b18      0x2ab ./source/dma.o
                                        0x4ee (size before relaxing)
 .debug_str     0x0000000000001dc3       0xb0 ./source/handle_led.o
                                        0x2cf (size before relaxing)
 .debug_str     0x0000000000001e73      0x150 ./source/logger.o
                                        0x55e (size before relaxing)
 .debug_str     0x0000000000001fc3       0x16 ./source/main.o
                                        0x652 (size before relaxing)
 .debug_str     0x0000000000001fd9       0x1f ./source/mtb.o
                                        0x170 (size before relaxing)
 .debug_str     0x0000000000001ff8       0x24 ./source/post.o
                                        0x260 (size before relaxing)
 .debug_str     0x000000000000201c       0x1f ./source/semihost_hardfault.o
                                        0x170 (size before relaxing)
 .debug_str     0x000000000000203b       0x30 ./source/setup_teardown.o
                                        0xcf9 (size before relaxing)
 .debug_str     0x000000000000206b       0x76 ./source/sine.o
                                        0x3da (size before relaxing)
 .debug_str     0x00000000000020e1      0x1b0 ./source/tasks.o
                                        0x5e2 (size before relaxing)
 .debug_str     0x0000000000002291       0x65 ./source/time.o
                                        0x2b0 (size before relaxing)
 .debug_str     0x00000000000022f6      0x2e9 ./source/uart.o
                                        0x6d2 (size before relaxing)
 .debug_str     0x00000000000025df       0x38 ./freertos/fsl_tickless_lptmr.o
                                        0x261 (size before relaxing)
 .debug_str     0x0000000000002617      0x1d3 ./freertos/heap_4.o
                                        0x3e7 (size before relaxing)
 .debug_str     0x00000000000027ea      0x131 ./freertos/list.o
                                        0x35b (size before relaxing)
 .debug_str     0x000000000000291b      0x130 ./freertos/port.o
                                        0x39d (size before relaxing)